Tracker.h:84:11:uint8_t Tracker::getX()	16	static
Tracker.h:85:11:uint8_t Tracker::gety()	16	static
Tracker.h:86:11:bool Tracker::is_OP()	16	static
Tracker.h:87:12:uint16_t Tracker::isSun()	16	static
Tracker.h:89:12:void Tracker::setWater()	16	static
Tracker.h:95:8:void Tracker::set_sunlight_counter(int16_t)	16	static
Tracker.h:96:8:void Tracker::set_sunlight_scheduale(int16_t)	16	static
Tracker.h:98:8:void Tracker::watering_palnt()	16	static
main.cpp:214:5:int main()	24	static
main.cpp:407:6:void SystemClock_Config()	88	static
main.cpp:450:13:void MX_ADC3_Init()	24	static
main.cpp:556:13:void MX_I2C1_Init()	8	static
main.cpp:602:13:void MX_TIM1_Init()	96	static
main.cpp:681:13:void MX_TIM2_Init()	32	static
main.cpp:726:13:void MX_TIM3_Init()	32	static
main.cpp:786:13:void MX_TIM4_Init()	32	static
main.cpp:834:13:void MX_TIM8_Init()	32	static
main.cpp:883:13:void MX_TIM9_Init()	56	static
main.cpp:939:13:void MX_TIM10_Init()	8	static
main.cpp:970:13:void MX_TIM11_Init()	8	static
main.cpp:1001:13:void MX_TIM12_Init()	24	static
main.cpp:1039:13:void MX_TIM13_Init()	8	static
main.cpp:1070:13:void MX_TIM14_Init()	8	static
main.cpp:1101:13:void MX_USART2_UART_Init()	8	static
main.cpp:1134:13:void MX_USART3_UART_Init()	8	static
main.cpp:1167:13:void MX_USART6_UART_Init()	8	static
main.cpp:1200:13:void MX_USB_OTG_FS_PCD_Init()	8	static
main.cpp:1233:13:void MX_DMA_Init()	16	static
main.cpp:1258:13:void MX_GPIO_Init()	64	static
main.cpp:1376:6:void set_output()	32	static
main.cpp:1386:6:void set_input()	32	static
main.cpp:1397:6:void delay2(uint16_t)	16	static
main.cpp:1402:6:void delay(uint16_t)	16	static
main.cpp:1407:6:void HCSR04_Read()	8	static
main.cpp:1443:6:void HAL_ADC_ConvCpltCallback(ADC_HandleTypeDef*)	24	static
main.cpp:1457:6:void HAL_TIM_IC_CaptureCallback(TIM_HandleTypeDef*)	24	static
main.cpp:1524:6:void battery_calc()	24	static
main.cpp:1572:6:void HAL_TIM_PeriodElapsedCallback(TIM_HandleTypeDef*)	24	static
main.cpp:1628:9:uint8_t DHT11_Read()	32	static
main.cpp:1706:6:void HAL_GPIO_EXTI_Callback(uint16_t)	16	static
main.cpp:1714:6:void HAL_UART_RxCpltCallback(UART_HandleTypeDef*)	16	static
main.cpp:1737:6:void Error_Handler()	4	static
main.cpp:1743:1:void __static_initialization_and_destruction_0(int, int)	16	static
main.cpp:1743:1:cpp)	8	static
