stm32f4xx_it.c:82:6:NMI_Handler	4	static
stm32f4xx_it.c:95:6:HardFault_Handler	4	static
stm32f4xx_it.c:110:6:MemManage_Handler	4	static
stm32f4xx_it.c:125:6:BusFault_Handler	4	static
stm32f4xx_it.c:140:6:UsageFault_Handler	4	static
stm32f4xx_it.c:155:6:SVC_Handler	4	static
stm32f4xx_it.c:168:6:DebugMon_Handler	4	static
stm32f4xx_it.c:181:6:PendSV_Handler	4	static
stm32f4xx_it.c:194:6:SysTick_Handler	8	static
stm32f4xx_it.c:215:6:EXTI0_IRQHandler	8	static
stm32f4xx_it.c:229:6:DMA1_Stream5_IRQHandler	8	static
stm32f4xx_it.c:243:6:TIM1_UP_TIM10_IRQHandler	8	static
stm32f4xx_it.c:258:6:TIM2_IRQHandler	8	static
stm32f4xx_it.c:272:6:TIM3_IRQHandler	8	static
stm32f4xx_it.c:286:6:TIM4_IRQHandler	8	static
stm32f4xx_it.c:300:6:USART2_IRQHandler	8	static
stm32f4xx_it.c:314:6:TIM8_UP_TIM13_IRQHandler	8	static
stm32f4xx_it.c:329:6:TIM8_TRG_COM_TIM14_IRQHandler	8	static
stm32f4xx_it.c:344:6:TIM8_CC_IRQHandler	8	static
stm32f4xx_it.c:358:6:DMA2_Stream0_IRQHandler	8	static
stm32f4xx_it.c:372:6:DMA2_Stream1_IRQHandler	8	static
stm32f4xx_it.c:386:6:USART6_IRQHandler	8	static
