Tracker.h:98:8:void Tracker::watering_palnt()	16	static
Tracker.cpp:17:1:Tracker::Tracker(DCSystem&)	24	static
Tracker.cpp:30:6:void Tracker::restart()	24	static
Tracker.cpp:38:6:void Tracker::set_panels(uint16_t, uint16_t, uint16_t, uint16_t)	24	static
Tracker.cpp:100:6:void Tracker::set_Fdis(uint8_t)	16	static
Tracker.cpp:104:6:void Tracker::set_Ldis(uint8_t)	16	static
Tracker.cpp:108:6:void Tracker::set_Rdis(uint8_t)	16	static
Tracker.cpp:112:6:void Tracker::copy(uint8_t*, uint8_t*, uint8_t*, uint8_t*)	32	static
Tracker.cpp:119:6:void Tracker::copy(uint8_t*, uint8_t*, uint8_t, uint8_t)	32	static
Tracker.cpp:126:6:void Tracker::count(uint8_t*, uint8_t*, uint8_t*, uint8_t*, uint8_t)	32	static
Tracker.cpp:135:9:uint8_t Tracker::traverse()	120	static
Tracker.cpp:284:9:uint8_t Tracker::moveR(uint16_t, int, uint8_t*, uint8_t*)	104	static
Tracker.cpp:386:9:uint8_t Tracker::moveL(uint16_t, int, uint8_t*, uint8_t*)	104	static
Tracker.cpp:488:9:uint8_t Tracker::moveF(uint16_t, int, uint8_t*, uint8_t*)	104	static
Tracker.cpp:571:9:uint8_t Tracker::moveB(uint16_t)	16	static
Tracker.cpp:608:6:void Tracker::init_graph()	32	static
Tracker.cpp:631:6:void Tracker::mark_obstacle(int, int)	32	static
Tracker.cpp:652:5:int Tracker::dijkstra()	8144	static
Tracker.cpp:714:5:int Tracker::minDistance(int*, bool*)	40	static
Tracker.cpp:726:5:int Tracker::printSolution(int, int*, int, int*)	40	static
Tracker.cpp:741:6:void Tracker::printPath(int*, int)	24	static
Tracker.cpp:747:6:int Tracker::go_to(int, uint8_t*, uint8_t*)	64	static
Tracker.cpp:898:10:uint16_t Tracker::max()	24	static
Tracker.cpp:924:6:void Tracker::mark_unvisited()	24	static
Tracker.cpp:975:9:uint8_t Tracker::go_to_shadow()	120	static
Tracker.cpp:1119:6:void Tracker::set_enf(bool)	16	static
Tracker.cpp:1123:6:void Tracker::set_ok(bool)	16	static
