Archive member included to satisfy reference by file (symbol)

c:/st/stm32cubeide_1.3.0/stm32cubeide/plugins/com.st.stm32cube.ide.mcu.externaltools.gnu-tools-for-stm32.7-2018-q2-update.win32_1.0.0.201904181610/tools/bin/../lib/gcc/arm-none-eabi/7.3.1/../../../../arm-none-eabi/lib/thumb/v7e-m/fpv4-sp/hard\libm.a(lib_a-w_pow.o)
                              Core/Src/main.o (pow)
c:/st/stm32cubeide_1.3.0/stm32cubeide/plugins/com.st.stm32cube.ide.mcu.externaltools.gnu-tools-for-stm32.7-2018-q2-update.win32_1.0.0.201904181610/tools/bin/../lib/gcc/arm-none-eabi/7.3.1/../../../../arm-none-eabi/lib/thumb/v7e-m/fpv4-sp/hard\libm.a(lib_a-e_pow.o)
                              c:/st/stm32cubeide_1.3.0/stm32cubeide/plugins/com.st.stm32cube.ide.mcu.externaltools.gnu-tools-for-stm32.7-2018-q2-update.win32_1.0.0.201904181610/tools/bin/../lib/gcc/arm-none-eabi/7.3.1/../../../../arm-none-eabi/lib/thumb/v7e-m/fpv4-sp/hard\libm.a(lib_a-w_pow.o) (__ieee754_pow)
c:/st/stm32cubeide_1.3.0/stm32cubeide/plugins/com.st.stm32cube.ide.mcu.externaltools.gnu-tools-for-stm32.7-2018-q2-update.win32_1.0.0.201904181610/tools/bin/../lib/gcc/arm-none-eabi/7.3.1/../../../../arm-none-eabi/lib/thumb/v7e-m/fpv4-sp/hard\libm.a(lib_a-e_sqrt.o)
                              c:/st/stm32cubeide_1.3.0/stm32cubeide/plugins/com.st.stm32cube.ide.mcu.externaltools.gnu-tools-for-stm32.7-2018-q2-update.win32_1.0.0.201904181610/tools/bin/../lib/gcc/arm-none-eabi/7.3.1/../../../../arm-none-eabi/lib/thumb/v7e-m/fpv4-sp/hard\libm.a(lib_a-e_pow.o) (__ieee754_sqrt)
c:/st/stm32cubeide_1.3.0/stm32cubeide/plugins/com.st.stm32cube.ide.mcu.externaltools.gnu-tools-for-stm32.7-2018-q2-update.win32_1.0.0.201904181610/tools/bin/../lib/gcc/arm-none-eabi/7.3.1/../../../../arm-none-eabi/lib/thumb/v7e-m/fpv4-sp/hard\libm.a(lib_a-s_fabs.o)
                              c:/st/stm32cubeide_1.3.0/stm32cubeide/plugins/com.st.stm32cube.ide.mcu.externaltools.gnu-tools-for-stm32.7-2018-q2-update.win32_1.0.0.201904181610/tools/bin/../lib/gcc/arm-none-eabi/7.3.1/../../../../arm-none-eabi/lib/thumb/v7e-m/fpv4-sp/hard\libm.a(lib_a-e_pow.o) (fabs)
c:/st/stm32cubeide_1.3.0/stm32cubeide/plugins/com.st.stm32cube.ide.mcu.externaltools.gnu-tools-for-stm32.7-2018-q2-update.win32_1.0.0.201904181610/tools/bin/../lib/gcc/arm-none-eabi/7.3.1/../../../../arm-none-eabi/lib/thumb/v7e-m/fpv4-sp/hard\libm.a(lib_a-s_finite.o)
                              c:/st/stm32cubeide_1.3.0/stm32cubeide/plugins/com.st.stm32cube.ide.mcu.externaltools.gnu-tools-for-stm32.7-2018-q2-update.win32_1.0.0.201904181610/tools/bin/../lib/gcc/arm-none-eabi/7.3.1/../../../../arm-none-eabi/lib/thumb/v7e-m/fpv4-sp/hard\libm.a(lib_a-w_pow.o) (finite)
c:/st/stm32cubeide_1.3.0/stm32cubeide/plugins/com.st.stm32cube.ide.mcu.externaltools.gnu-tools-for-stm32.7-2018-q2-update.win32_1.0.0.201904181610/tools/bin/../lib/gcc/arm-none-eabi/7.3.1/../../../../arm-none-eabi/lib/thumb/v7e-m/fpv4-sp/hard\libm.a(lib_a-s_lib_ver.o)
                              c:/st/stm32cubeide_1.3.0/stm32cubeide/plugins/com.st.stm32cube.ide.mcu.externaltools.gnu-tools-for-stm32.7-2018-q2-update.win32_1.0.0.201904181610/tools/bin/../lib/gcc/arm-none-eabi/7.3.1/../../../../arm-none-eabi/lib/thumb/v7e-m/fpv4-sp/hard\libm.a(lib_a-w_pow.o) (__fdlib_version)
c:/st/stm32cubeide_1.3.0/stm32cubeide/plugins/com.st.stm32cube.ide.mcu.externaltools.gnu-tools-for-stm32.7-2018-q2-update.win32_1.0.0.201904181610/tools/bin/../lib/gcc/arm-none-eabi/7.3.1/../../../../arm-none-eabi/lib/thumb/v7e-m/fpv4-sp/hard\libm.a(lib_a-s_matherr.o)
                              c:/st/stm32cubeide_1.3.0/stm32cubeide/plugins/com.st.stm32cube.ide.mcu.externaltools.gnu-tools-for-stm32.7-2018-q2-update.win32_1.0.0.201904181610/tools/bin/../lib/gcc/arm-none-eabi/7.3.1/../../../../arm-none-eabi/lib/thumb/v7e-m/fpv4-sp/hard\libm.a(lib_a-w_pow.o) (matherr)
c:/st/stm32cubeide_1.3.0/stm32cubeide/plugins/com.st.stm32cube.ide.mcu.externaltools.gnu-tools-for-stm32.7-2018-q2-update.win32_1.0.0.201904181610/tools/bin/../lib/gcc/arm-none-eabi/7.3.1/../../../../arm-none-eabi/lib/thumb/v7e-m/fpv4-sp/hard\libm.a(lib_a-s_nan.o)
                              c:/st/stm32cubeide_1.3.0/stm32cubeide/plugins/com.st.stm32cube.ide.mcu.externaltools.gnu-tools-for-stm32.7-2018-q2-update.win32_1.0.0.201904181610/tools/bin/../lib/gcc/arm-none-eabi/7.3.1/../../../../arm-none-eabi/lib/thumb/v7e-m/fpv4-sp/hard\libm.a(lib_a-e_pow.o) (nan)
c:/st/stm32cubeide_1.3.0/stm32cubeide/plugins/com.st.stm32cube.ide.mcu.externaltools.gnu-tools-for-stm32.7-2018-q2-update.win32_1.0.0.201904181610/tools/bin/../lib/gcc/arm-none-eabi/7.3.1/../../../../arm-none-eabi/lib/thumb/v7e-m/fpv4-sp/hard\libm.a(lib_a-s_rint.o)
                              c:/st/stm32cubeide_1.3.0/stm32cubeide/plugins/com.st.stm32cube.ide.mcu.externaltools.gnu-tools-for-stm32.7-2018-q2-update.win32_1.0.0.201904181610/tools/bin/../lib/gcc/arm-none-eabi/7.3.1/../../../../arm-none-eabi/lib/thumb/v7e-m/fpv4-sp/hard\libm.a(lib_a-w_pow.o) (rint)
[...]
Memory Configuration

Name             Origin             Length             Attributes
CCMRAM           0x0000000010000000 0x0000000000010000 xrw
RAM              0x0000000020000000 0x0000000000030000 xrw
FLASH            0x0000000008000000 0x0000000000200000 xr
*default*        0x0000000000000000 0xffffffffffffffff

Linker script and memory map

LOAD c:/st/stm32cubeide_1.3.0/stm32cubeide/plugins/com.st.stm32cube.ide.mcu.externaltools.gnu-tools-for-stm32.7-2018-q2-update.win32_1.0.0.201904181610/tools/bin/../lib/gcc/arm-none-eabi/7.3.1/thumb/v7e-m/fpv4-sp/hard/crti.o
LOAD c:/st/stm32cubeide_1.3.0/stm32cubeide/plugins/com.st.stm32cube.ide.mcu.externaltools.gnu-tools-for-stm32.7-2018-q2-update.win32_1.0.0.201904181610/tools/bin/../lib/gcc/arm-none-eabi/7.3.1/thumb/v7e-m/fpv4-sp/hard/crtbegin.o
LOAD c:/st/stm32cubeide_1.3.0/stm32cubeide/plugins/com.st.stm32cube.ide.mcu.externaltools.gnu-tools-for-stm32.7-2018-q2-update.win32_1.0.0.201904181610/tools/bin/../lib/gcc/arm-none-eabi/7.3.1/../../../../arm-none-eabi/lib/thumb/v7e-m/fpv4-sp/hard/crt0.o
LOAD Core/Src/DCMotor.o
LOAD Core/Src/MPU6050.o
LOAD Core/Src/Tracker.o
LOAD Core/Src/main.o
LOAD Core/Src/stm32f4xx_hal_msp.o
LOAD Core/Src/stm32f4xx_it.o
LOAD Core/Src/syscalls.o
LOAD Core/Src/sysmem.o
LOAD Core/Src/system_stm32f4xx.o
LOAD Core/Startup/startup_stm32f429zitx.o
LOAD Drivers/STM32F4xx_HAL_Driver/Src/stm32f4xx_hal.o
LOAD Drivers/STM32F4xx_HAL_Driver/Src/stm32f4xx_hal_adc.o
LOAD Drivers/STM32F4xx_HAL_Driver/Src/stm32f4xx_hal_adc_ex.o
LOAD Drivers/STM32F4xx_HAL_Driver/Src/stm32f4xx_hal_cortex.o
LOAD Drivers/STM32F4xx_HAL_Driver/Src/stm32f4xx_hal_dma.o
LOAD Drivers/STM32F4xx_HAL_Driver/Src/stm32f4xx_hal_dma_ex.o
LOAD Drivers/STM32F4xx_HAL_Driver/Src/stm32f4xx_hal_exti.o
LOAD Drivers/STM32F4xx_HAL_Driver/Src/stm32f4xx_hal_flash.o
LOAD Drivers/STM32F4xx_HAL_Driver/Src/stm32f4xx_hal_flash_ex.o
LOAD Drivers/STM32F4xx_HAL_Driver/Src/stm32f4xx_hal_flash_ramfunc.o
LOAD Drivers/STM32F4xx_HAL_Driver/Src/stm32f4xx_hal_gpio.o
LOAD Drivers/STM32F4xx_HAL_Driver/Src/stm32f4xx_hal_i2c.o
LOAD Drivers/STM32F4xx_HAL_Driver/Src/stm32f4xx_hal_i2c_ex.o
LOAD Drivers/STM32F4xx_HAL_Driver/Src/stm32f4xx_hal_pcd.o
LOAD Drivers/STM32F4xx_HAL_Driver/Src/stm32f4xx_hal_pcd_ex.o
LOAD Drivers/STM32F4xx_HAL_Driver/Src/stm32f4xx_hal_pwr.o
LOAD Drivers/STM32F4xx_HAL_Driver/Src/stm32f4xx_hal_pwr_ex.o
LOAD Drivers/STM32F4xx_HAL_Driver/Src/stm32f4xx_hal_rcc.o
LOAD Drivers/STM32F4xx_HAL_Driver/Src/stm32f4xx_hal_rcc_ex.o
LOAD Drivers/STM32F4xx_HAL_Driver/Src/stm32f4xx_hal_tim.o
LOAD Drivers/STM32F4xx_HAL_Driver/Src/stm32f4xx_hal_tim_ex.o
LOAD Drivers/STM32F4xx_HAL_Driver/Src/stm32f4xx_hal_uart.o
LOAD Drivers/STM32F4xx_HAL_Driver/Src/stm32f4xx_ll_usb.o
START GROUP
LOAD c:/st/stm32cubeide_1.3.0/stm32cubeide/plugins/com.st.stm32cube.ide.mcu.externaltools.gnu-tools-for-stm32.7-2018-q2-update.win32_1.0.0.201904181610/tools/bin/../lib/gcc/arm-none-eabi/7.3.1/../../../../arm-none-eabi/lib/thumb/v7e-m/fpv4-sp/hard\libstdc++_nano.a
LOAD c:/st/stm32cubeide_1.3.0/stm32cubeide/plugins/com.st.stm32cube.ide.mcu.externaltools.gnu-tools-for-stm32.7-2018-q2-update.win32_1.0.0.201904181610/tools/bin/../lib/gcc/arm-none-eabi/7.3.1/../../../../arm-none-eabi/lib/thumb/v7e-m/fpv4-sp/hard\libsupc++_nano.a
END GROUP
LOAD c:/st/stm32cubeide_1.3.0/stm32cubeide/plugins/com.st.stm32cube.ide.mcu.externaltools.gnu-tools-for-stm32.7-2018-q2-update.win32_1.0.0.201904181610/tools/bin/../lib/gcc/arm-none-eabi/7.3.1/../../../../arm-none-eabi/lib/thumb/v7e-m/fpv4-sp/hard\libstdc++_nano.a
LOAD c:/st/stm32cubeide_1.3.0/stm32cubeide/plugins/com.st.stm32cube.ide.mcu.externaltools.gnu-tools-for-stm32.7-2018-q2-update.win32_1.0.0.201904181610/tools/bin/../lib/gcc/arm-none-eabi/7.3.1/../../../../arm-none-eabi/lib/thumb/v7e-m/fpv4-sp/hard\libm.a
LOAD c:/st/stm32cubeide_1.3.0/stm32cubeide/plugins/com.st.stm32cube.ide.mcu.externaltools.gnu-tools-for-stm32.7-2018-q2-update.win32_1.0.0.201904181610/tools/bin/../lib/gcc/arm-none-eabi/7.3.1/../../../../arm-none-eabi/lib/thumb/v7e-m/fpv4-sp/hard\libc_nano.a
START GROUP
LOAD c:/st/stm32cubeide_1.3.0/stm32cubeide/plugins/com.st.stm32cube.ide.mcu.externaltools.gnu-tools-for-stm32.7-2018-q2-update.win32_1.0.0.201904181610/tools/bin/../lib/gcc/arm-none-eabi/7.3.1/thumb/v7e-m/fpv4-sp/hard\libgcc.a
LOAD c:/st/stm32cubeide_1.3.0/stm32cubeide/plugins/com.st.stm32cube.ide.mcu.externaltools.gnu-tools-for-stm32.7-2018-q2-update.win32_1.0.0.201904181610/tools/bin/../lib/gcc/arm-none-eabi/7.3.1/../../../../arm-none-eabi/lib/thumb/v7e-m/fpv4-sp/hard\libc_nano.a
END GROUP
START GROUP
LOAD c:/st/stm32cubeide_1.3.0/stm32cubeide/plugins/com.st.stm32cube.ide.mcu.externaltools.gnu-tools-for-stm32.7-2018-q2-update.win32_1.0.0.201904181610/tools/bin/../lib/gcc/arm-none-eabi/7.3.1/thumb/v7e-m/fpv4-sp/hard\libgcc.a
LOAD c:/st/stm32cubeide_1.3.0/stm32cubeide/plugins/com.st.stm32cube.ide.mcu.externaltools.gnu-tools-for-stm32.7-2018-q2-update.win32_1.0.0.201904181610/tools/bin/../lib/gcc/arm-none-eabi/7.3.1/../../../../arm-none-eabi/lib/thumb/v7e-m/fpv4-sp/hard\libc_nano.a
END GROUP
LOAD c:/st/stm32cubeide_1.3.0/stm32cubeide/plugins/com.st.stm32cube.ide.mcu.externaltools.gnu-tools-for-stm32.7-2018-q2-update.win32_1.0.0.201904181610/tools/bin/../lib/gcc/arm-none-eabi/7.3.1/thumb/v7e-m/fpv4-sp/hard/crtend.o
LOAD c:/st/stm32cubeide_1.3.0/stm32cubeide/plugins/com.st.stm32cube.ide.mcu.externaltools.gnu-tools-for-stm32.7-2018-q2-update.win32_1.0.0.201904181610/tools/bin/../lib/gcc/arm-none-eabi/7.3.1/thumb/v7e-m/fpv4-sp/hard/crtn.o
                0x0000000020030000                _estack = (ORIGIN (RAM) + LENGTH (RAM))
                0x0000000000000200                _Min_Heap_Size = 0x200
                0x0000000000000400                _Min_Stack_Size = 0x400

.isr_vector     0x0000000008000000      0x1ac
                0x0000000008000000                . = ALIGN (0x4)
 *(.isr_vector)
 .isr_vector    0x0000000008000000      0x1ac Core/Startup/startup_stm32f429zitx.o
                0x0000000008000000                g_pfnVectors
                0x00000000080001ac                . = ALIGN (0x4)

.text           0x00000000080001b0     0xee98
                0x00000000080001b0                . = ALIGN (0x4)
 *(.text)
 .text          0x00000000080001b0       0x40 c:/st/stm32cubeide_1.3.0/stm32cubeide/plugins/com.st.stm32cube.ide.mcu.externaltools.gnu-tools-for-stm32.7-2018-q2-update.win32_1.0.0.201904181610/tools/bin/../lib/gcc/arm-none-eabi/7.3.1/thumb/v7e-m/fpv4-sp/hard/crtbegin.o
 .text          0x00000000080001f0      0x378 c:/st/stm32cubeide_1.3.0/stm32cubeide/plugins/com.st.stm32cube.ide.mcu.externaltools.gnu-tools-for-stm32.7-2018-q2-update.win32_1.0.0.201904181610/tools/bin/../lib/gcc/arm-none-eabi/7.3.1/thumb/v7e-m/fpv4-sp/hard\libgcc.a(_arm_addsubdf3.o)
                0x00000000080001f0                __aeabi_drsub
                0x00000000080001f8                __aeabi_dsub
                0x00000000080001f8                __subdf3
                0x00000000080001fc                __aeabi_dadd
                0x00000000080001fc                __adddf3
                0x0000000008000474                __floatunsidf
                0x0000000008000474                __aeabi_ui2d
                0x0000000008000494                __floatsidf
                0x0000000008000494                __aeabi_i2d
                0x00000000080004b8                __aeabi_f2d
                0x00000000080004b8                __extendsfdf2
                0x00000000080004fc                __floatundidf
                0x00000000080004fc                __aeabi_ul2d
                0x000000000800050c                __floatdidf
                0x000000000800050c                __aeabi_l2d
 .text          0x0000000008000568      0x424 c:/st/stm32cubeide_1.3.0/stm32cubeide/plugins/com.st.stm32cube.ide.mcu.externaltools.gnu-tools-for-stm32.7-2018-q2-update.win32_1.0.0.201904181610/tools/bin/../lib/gcc/arm-none-eabi/7.3.1/thumb/v7e-m/fpv4-sp/hard\libgcc.a(_arm_muldivdf3.o)
                0x0000000008000568                __aeabi_dmul
                0x0000000008000568                __muldf3
                0x00000000080007bc                __divdf3
                0x00000000080007bc                __aeabi_ddiv
 .text          0x000000000800098c      0x110 c:/st/stm32cubeide_1.3.0/stm32cubeide/plugins/com.st.stm32cube.ide.mcu.externaltools.gnu-tools-for-stm32.7-2018-q2-update.win32_1.0.0.201904181610/tools/bin/../lib/gcc/arm-none-eabi/7.3.1/thumb/v7e-m/fpv4-sp/hard\libgcc.a(_arm_cmpdf2.o)
                0x000000000800098c                __gtdf2
                0x000000000800098c                __gedf2
                0x0000000008000994                __ltdf2
                0x0000000008000994                __ledf2
                0x000000000800099c                __nedf2
                0x000000000800099c                __eqdf2
                0x000000000800099c                __cmpdf2
                0x0000000008000a18                __aeabi_cdrcmple
                0x0000000008000a28                __aeabi_cdcmpeq
                0x0000000008000a28                __aeabi_cdcmple
                0x0000000008000a38                __aeabi_dcmpeq
                0x0000000008000a4c                __aeabi_dcmplt
                0x0000000008000a60                __aeabi_dcmple
                0x0000000008000a74                __aeabi_dcmpge
                0x0000000008000a88                __aeabi_dcmpgt
 .text          0x0000000008000a9c       0x2c c:/st/stm32cubeide_1.3.0/stm32cubeide/plugins/com.st.stm32cube.ide.mcu.externaltools.gnu-tools-for-stm32.7-2018-q2-update.win32_1.0.0.201904181610/tools/bin/../lib/gcc/arm-none-eabi/7.3.1/thumb/v7e-m/fpv4-sp/hard\libgcc.a(_arm_unorddf2.o)
                0x0000000008000a9c                __unorddf2
                0x0000000008000a9c                __aeabi_dcmpun
 .text          0x0000000008000ac8       0x50 c:/st/stm32cubeide_1.3.0/stm32cubeide/plugins/com.st.stm32cube.ide.mcu.externaltools.gnu-tools-for-stm32.7-2018-q2-update.win32_1.0.0.201904181610/tools/bin/../lib/gcc/arm-none-eabi/7.3.1/thumb/v7e-m/fpv4-sp/hard\libgcc.a(_arm_fixdfsi.o)
                0x0000000008000ac8                __aeabi_d2iz
                0x0000000008000ac8                __fixdfsi
 .text          0x0000000008000b18       0x40 c:/st/stm32cubeide_1.3.0/stm32cubeide/plugins/com.st.stm32cube.ide.mcu.externaltools.gnu-tools-for-stm32.7-2018-q2-update.win32_1.0.0.201904181610/tools/bin/../lib/gcc/arm-none-eabi/7.3.1/thumb/v7e-m/fpv4-sp/hard\libgcc.a(_arm_fixunsdfsi.o)
                0x0000000008000b18                __aeabi_d2uiz
                0x0000000008000b18                __fixunsdfsi
 .text          0x0000000008000b58       0xa0 c:/st/stm32cubeide_1.3.0/stm32cubeide/plugins/com.st.stm32cube.ide.mcu.externaltools.gnu-tools-for-stm32.7-2018-q2-update.win32_1.0.0.201904181610/tools/bin/../lib/gcc/arm-none-eabi/7.3.1/thumb/v7e-m/fpv4-sp/hard\libgcc.a(_arm_truncdfsf2.o)
                0x0000000008000b58                __truncdfsf2
                0x0000000008000b58                __aeabi_d2f
 .text          0x0000000008000bf8       0x30 c:/st/stm32cubeide_1.3.0/stm32cubeide/plugins/com.st.stm32cube.ide.mcu.externaltools.gnu-tools-for-stm32.7-2018-q2-update.win32_1.0.0.201904181610/tools/bin/../lib/gcc/arm-none-eabi/7.3.1/thumb/v7e-m/fpv4-sp/hard\libgcc.a(_aeabi_uldivmod.o)
                0x0000000008000bf8                __aeabi_uldivmod
 .text          0x0000000008000c28      0x2cc c:/st/stm32cubeide_1.3.0/stm32cubeide/plugins/com.st.stm32cube.ide.mcu.externaltools.gnu-tools-for-stm32.7-2018-q2-update.win32_1.0.0.201904181610/tools/bin/../lib/gcc/arm-none-eabi/7.3.1/thumb/v7e-m/fpv4-sp/hard\libgcc.a(_udivmoddi4.o)
                0x0000000008000c28                __udivmoddi4
 .text          0x0000000008000ef4        0x4 c:/st/stm32cubeide_1.3.0/stm32cubeide/plugins/com.st.stm32cube.ide.mcu.externaltools.gnu-tools-for-stm32.7-2018-q2-update.win32_1.0.0.201904181610/tools/bin/../lib/gcc/arm-none-eabi/7.3.1/thumb/v7e-m/fpv4-sp/hard\libgcc.a(_dvmd_tls.o)
                0x0000000008000ef4                __aeabi_idiv0
                0x0000000008000ef4                __aeabi_ldiv0
 *(.text*)
 .text._ZN7DCMotorC2ERVm
                0x0000000008000ef8       0x30 Core/Src/DCMotor.o
                0x0000000008000ef8                DCMotor::DCMotor(unsigned long volatile&)
                0x0000000008000ef8                DCMotor::DCMotor(unsigned long volatile&)
 .text._ZN7DCMotor7setGPIOEP12GPIO_TypeDefS1_tt
                0x0000000008000f28       0x32 Core/Src/DCMotor.o
                0x0000000008000f28                DCMotor::setGPIO(GPIO_TypeDef*, GPIO_TypeDef*, unsigned short, unsigned short)
 .text._ZN7DCMotor7setCCRxERVm
                0x0000000008000f5a       0x2a Core/Src/DCMotor.o
                0x0000000008000f5a                DCMotor::setCCRx(unsigned long volatile&)
 .text._ZN7DCMotor11moveForwordEh
                0x0000000008000f84       0x42 Core/Src/DCMotor.o
                0x0000000008000f84                DCMotor::moveForword(unsigned char)
 .text._ZN7DCMotor12moveBackwordEh
                0x0000000008000fc6       0x42 Core/Src/DCMotor.o
                0x0000000008000fc6                DCMotor::moveBackword(unsigned char)
 .text._ZN7DCMotor9togglepinEv
                0x0000000008001008       0x30 Core/Src/DCMotor.o
                0x0000000008001008                DCMotor::togglepin()
 .text._ZN7DCMotor8resetpinEv
                0x0000000008001038       0x3e Core/Src/DCMotor.o
                0x0000000008001038                DCMotor::resetpin()
 .text._ZN7DCMotor8setSpeedEh
                0x0000000008001076       0x26 Core/Src/DCMotor.o
                0x0000000008001076                DCMotor::setSpeed(unsigned char)
 .text._ZN7DCMotor8speed_upEh
                0x000000000800109c       0x4c Core/Src/DCMotor.o
                0x000000000800109c                DCMotor::speed_up(unsigned char)
 .text._ZN7DCMotor10speed_downEh
                0x00000000080010e8       0x4a Core/Src/DCMotor.o
                0x00000000080010e8                DCMotor::speed_down(unsigned char)
 .text._ZN8DCSystemC2ER7DCMotorS1_
                0x0000000008001132       0x2c Core/Src/DCMotor.o
                0x0000000008001132                DCSystem::DCSystem(DCMotor&, DCMotor&)
                0x0000000008001132                DCSystem::DCSystem(DCMotor&, DCMotor&)
 .text._ZN8DCSystem11moveForwordEh
                0x000000000800115e       0x4e Core/Src/DCMotor.o
                0x000000000800115e                DCSystem::moveForword(unsigned char)
 .text._ZN8DCSystem12moveBackwordEh
                0x00000000080011ac       0x4e Core/Src/DCMotor.o
                0x00000000080011ac                DCSystem::moveBackword(unsigned char)
 .text._ZN8DCSystem8turnLeftEh
                0x00000000080011fa       0x36 Core/Src/DCMotor.o
                0x00000000080011fa                DCSystem::turnLeft(unsigned char)
 .text._ZN8DCSystem9turnRightEh
                0x0000000008001230       0x36 Core/Src/DCMotor.o
                0x0000000008001230                DCSystem::turnRight(unsigned char)
 .text._ZN8DCSystem4stopEv
                0x0000000008001266       0x44 Core/Src/DCMotor.o
                0x0000000008001266                DCSystem::stop()
 .text._ZN8DCSystem8set_FdisEh
                0x00000000080012aa       0x1e Core/Src/DCMotor.o
                0x00000000080012aa                DCSystem::set_Fdis(unsigned char)
 .text._ZN8DCSystem8set_LdisEh
                0x00000000080012c8       0x1e Core/Src/DCMotor.o
                0x00000000080012c8                DCSystem::set_Ldis(unsigned char)
 .text._ZN8DCSystem8set_RdisEh
                0x00000000080012e6       0x1e Core/Src/DCMotor.o
                0x00000000080012e6                DCSystem::set_Rdis(unsigned char)
 .text._ZN8DCSystem12set_encodersEPmS0_
                0x0000000008001304       0x24 Core/Src/DCMotor.o
                0x0000000008001304                DCSystem::set_encoders(unsigned long*, unsigned long*)
 .text._ZN8DCSystem7advanceEtPhS0_
                0x0000000008001328      0x1d4 Core/Src/DCMotor.o
                0x0000000008001328                DCSystem::advance(unsigned short, unsigned char*, unsigned char*)
 *fill*         0x00000000080014fc        0x4 
 .text._ZN8DCSystem8returnByEt
                0x0000000008001500      0x130 Core/Src/DCMotor.o
                0x0000000008001500                DCSystem::returnBy(unsigned short)
 .text._ZN8DCSystem6turnByEi
                0x0000000008001630      0x250 Core/Src/DCMotor.o
                0x0000000008001630                DCSystem::turnBy(int)
 .text._ZN8DCSystem6setMPUEP7MPU6050
                0x0000000008001880       0x1c Core/Src/DCMotor.o
                0x0000000008001880                DCSystem::setMPU(MPU6050*)
 .text._ZN8DCSystem6setTIMEP17TIM_HandleTypeDef
                0x000000000800189c       0x1c Core/Src/DCMotor.o
                0x000000000800189c                DCSystem::setTIM(TIM_HandleTypeDef*)
 .text._ZN7MPU6050C2Ev
                0x00000000080018b8       0x50 Core/Src/MPU6050.o
                0x00000000080018b8                MPU6050::MPU6050()
                0x00000000080018b8                MPU6050::MPU6050()
 .text._ZN7MPU60504initEv
                0x0000000008001908      0x10a Core/Src/MPU6050.o
                0x0000000008001908                MPU6050::init()
 .text._ZN7MPU60505resetEv
                0x0000000008001a12       0x4a Core/Src/MPU6050.o
                0x0000000008001a12                MPU6050::reset()
 .text._ZN7MPU60507set_i2cEP17I2C_HandleTypeDef
                0x0000000008001a5c       0x1c Core/Src/MPU6050.o
                0x0000000008001a5c                MPU6050::set_i2c(I2C_HandleTypeDef*)
 .text._ZN7MPU605012set_GoffsetZEv
                0x0000000008001a78       0x64 Core/Src/MPU6050.o
                0x0000000008001a78                MPU6050::set_GoffsetZ()
 .text._ZN7MPU605012MPU_getGyroZEPf
                0x0000000008001adc       0x74 Core/Src/MPU6050.o
                0x0000000008001adc                MPU6050::MPU_getGyroZ(float*)
 .text._ZN7Tracker14watering_palntEv
                0x0000000008001b50       0x5c Core/Src/Tracker.o
                0x0000000008001b50                Tracker::watering_palnt()
 .text._ZN7TrackerC2ER8DCSystem
                0x0000000008001bac       0xd2 Core/Src/Tracker.o
                0x0000000008001bac                Tracker::Tracker(DCSystem&)
                0x0000000008001bac                Tracker::Tracker(DCSystem&)
 .text._ZN7Tracker7restartEv
                0x0000000008001c7e       0x54 Core/Src/Tracker.o
                0x0000000008001c7e                Tracker::restart()
 .text._ZN7Tracker10set_panelsEtttt
                0x0000000008001cd2       0x3e Core/Src/Tracker.o
                0x0000000008001cd2                Tracker::set_panels(unsigned short, unsigned short, unsigned short, unsigned short)
 .text._ZN7Tracker8set_FdisEh
                0x0000000008001d10       0x28 Core/Src/Tracker.o
                0x0000000008001d10                Tracker::set_Fdis(unsigned char)
 .text._ZN7Tracker8set_LdisEh
                0x0000000008001d38       0x28 Core/Src/Tracker.o
                0x0000000008001d38                Tracker::set_Ldis(unsigned char)
 .text._ZN7Tracker8set_RdisEh
                0x0000000008001d60       0x28 Core/Src/Tracker.o
                0x0000000008001d60                Tracker::set_Rdis(unsigned char)
 .text._ZN7Tracker4copyEPhS0_S0_S0_
                0x0000000008001d88       0x4c Core/Src/Tracker.o
                0x0000000008001d88                Tracker::copy(unsigned char*, unsigned char*, unsigned char*, unsigned char*)
 .text._ZN7Tracker4copyEPhS0_hh
                0x0000000008001dd4       0x42 Core/Src/Tracker.o
                0x0000000008001dd4                Tracker::copy(unsigned char*, unsigned char*, unsigned char, unsigned char)
 .text._ZN7Tracker5countEPhS0_S0_S0_h
                0x0000000008001e16       0x70 Core/Src/Tracker.o
                0x0000000008001e16                Tracker::count(unsigned char*, unsigned char*, unsigned char*, unsigned char*, unsigned char)
 *fill*         0x0000000008001e86        0x2 
 .text._ZN7Tracker8traverseEv
                0x0000000008001e88      0x720 Core/Src/Tracker.o
                0x0000000008001e88                Tracker::traverse()
 .text._ZN7Tracker5moveREtiPhS0_
                0x00000000080025a8      0x584 Core/Src/Tracker.o
                0x00000000080025a8                Tracker::moveR(unsigned short, int, unsigned char*, unsigned char*)
 .text._ZN7Tracker5moveLEtiPhS0_
                0x0000000008002b2c      0x584 Core/Src/Tracker.o
                0x0000000008002b2c                Tracker::moveL(unsigned short, int, unsigned char*, unsigned char*)
 .text._ZN7Tracker5moveFEtiPhS0_
                0x00000000080030b0      0x44c Core/Src/Tracker.o
                0x00000000080030b0                Tracker::moveF(unsigned short, int, unsigned char*, unsigned char*)
 .text._ZN7Tracker10init_graphEv
                0x00000000080034fc      0x150 Core/Src/Tracker.o
                0x00000000080034fc                Tracker::init_graph()
 .text._ZN7Tracker13mark_obstacleEii
                0x000000000800364c       0xe4 Core/Src/Tracker.o
                0x000000000800364c                Tracker::mark_obstacle(int, int)
 .text._ZN7Tracker8dijkstraEv
                0x0000000008003730      0x5c4 Core/Src/Tracker.o
                0x0000000008003730                Tracker::dijkstra()
 .text._ZN7Tracker11minDistanceEPiPb
                0x0000000008003cf4       0x66 Core/Src/Tracker.o
                0x0000000008003cf4                Tracker::minDistance(int*, bool*)
 *fill*         0x0000000008003d5a        0x2 
 .text._ZN7Tracker13printSolutionEiPiiS0_
                0x0000000008003d5c       0xd8 Core/Src/Tracker.o
                0x0000000008003d5c                Tracker::printSolution(int, int*, int, int*)
 .text._ZN7Tracker9printPathEPii
                0x0000000008003e34       0x80 Core/Src/Tracker.o
                0x0000000008003e34                Tracker::printPath(int*, int)
 .text._ZN7Tracker5go_toEiPhS0_
                0x0000000008003eb4      0x878 Core/Src/Tracker.o
                0x0000000008003eb4                Tracker::go_to(int, unsigned char*, unsigned char*)
 .text._ZN7Tracker3maxEv
                0x000000000800472c       0x52 Core/Src/Tracker.o
                0x000000000800472c                Tracker::max()
 .text._ZN7Tracker14mark_unvisitedEv
                0x000000000800477e      0x3ec Core/Src/Tracker.o
                0x000000000800477e                Tracker::mark_unvisited()
 *fill*         0x0000000008004b6a        0x2 
 .text._ZN7Tracker12go_to_shadowEv
                0x0000000008004b6c      0x6e0 Core/Src/Tracker.o
                0x0000000008004b6c                Tracker::go_to_shadow()
 .text._ZN7Tracker7set_enfEb
                0x000000000800524c       0x1e Core/Src/Tracker.o
                0x000000000800524c                Tracker::set_enf(bool)
 .text._ZN7Tracker6set_okEb
                0x000000000800526a       0x1e Core/Src/Tracker.o
                0x000000000800526a                Tracker::set_ok(bool)
 .text._ZN7Tracker4getXEv
                0x0000000008005288       0x1e Core/Src/main.o
                0x0000000008005288                Tracker::getX()
 .text._ZN7Tracker4getyEv
                0x00000000080052a6       0x1e Core/Src/main.o
                0x00000000080052a6                Tracker::gety()
 .text._ZN7Tracker5is_OPEv
                0x00000000080052c4       0x18 Core/Src/main.o
                0x00000000080052c4                Tracker::is_OP()
 .text._ZN7Tracker5isSunEv
                0x00000000080052dc       0x36 Core/Src/main.o
                0x00000000080052dc                Tracker::isSun()
 .text._ZN7Tracker8setWaterEv
                0x0000000008005312       0x1a Core/Src/main.o
                0x0000000008005312                Tracker::setWater()
 .text._ZN7Tracker20set_sunlight_counterEs
                0x000000000800532c       0x1e Core/Src/main.o
                0x000000000800532c                Tracker::set_sunlight_counter(short)
 .text._ZN7Tracker22set_sunlight_schedualeEs
                0x000000000800534a       0x1e Core/Src/main.o
                0x000000000800534a                Tracker::set_sunlight_scheduale(short)
 .text.main     0x0000000008005368      0x2c4 Core/Src/main.o
                0x0000000008005368                main
 .text._Z18SystemClock_Configv
                0x000000000800562c       0xec Core/Src/main.o
                0x000000000800562c                SystemClock_Config()
 .text._ZL12MX_ADC3_Initv
                0x0000000008005718      0x1c4 Core/Src/main.o
 .text._ZL12MX_I2C1_Initv
                0x00000000080058dc       0xa0 Core/Src/main.o
 .text._ZL12MX_TIM1_Initv
                0x000000000800597c      0x1a0 Core/Src/main.o
 .text._ZL12MX_TIM2_Initv
                0x0000000008005b1c       0xbc Core/Src/main.o
 .text._ZL12MX_TIM3_Initv
                0x0000000008005bd8      0x124 Core/Src/main.o
 .text._ZL12MX_TIM4_Initv
                0x0000000008005cfc       0xc4 Core/Src/main.o
 .text._ZL12MX_TIM8_Initv
                0x0000000008005dc0       0xcc Core/Src/main.o
 .text._ZL12MX_TIM9_Initv
                0x0000000008005e8c      0x10c Core/Src/main.o
 .text._ZL13MX_TIM10_Initv
                0x0000000008005f98       0x54 Core/Src/main.o
 .text._ZL13MX_TIM11_Initv
                0x0000000008005fec       0x50 Core/Src/main.o
 .text._ZL13MX_TIM12_Initv
                0x000000000800603c       0x88 Core/Src/main.o
 .text._ZL13MX_TIM13_Initv
                0x00000000080060c4       0x54 Core/Src/main.o
 .text._ZL13MX_TIM14_Initv
                0x0000000008006118       0x54 Core/Src/main.o
 .text._ZL19MX_USART2_UART_Initv
                0x000000000800616c       0x5c Core/Src/main.o
 .text._ZL19MX_USART3_UART_Initv
                0x00000000080061c8       0x5c Core/Src/main.o
 .text._ZL19MX_USART6_UART_Initv
                0x0000000008006224       0x5c Core/Src/main.o
 .text._ZL22MX_USB_OTG_FS_PCD_Initv
                0x0000000008006280       0x64 Core/Src/main.o
 .text._ZL11MX_DMA_Initv
                0x00000000080062e4       0x7c Core/Src/main.o
 .text._ZL12MX_GPIO_Initv
                0x0000000008006360      0x2a8 Core/Src/main.o
 .text._Z10set_outputv
                0x0000000008006608       0x3c Core/Src/main.o
                0x0000000008006608                set_output()
 .text._Z9set_inputv
                0x0000000008006644       0x3c Core/Src/main.o
                0x0000000008006644                set_input()
 .text._Z6delay2t
                0x0000000008006680       0x3c Core/Src/main.o
                0x0000000008006680                delay2(unsigned short)
 .text._Z5delayt
                0x00000000080066bc       0x3c Core/Src/main.o
                0x00000000080066bc                delay(unsigned short)
 .text._Z11HCSR04_Readv
                0x00000000080066f8       0x6c Core/Src/main.o
                0x00000000080066f8                HCSR04_Read()
 .text.HAL_ADC_ConvCpltCallback
                0x0000000008006764       0x78 Core/Src/main.o
                0x0000000008006764                HAL_ADC_ConvCpltCallback
 *fill*         0x00000000080067dc        0x4 
 .text.HAL_TIM_IC_CaptureCallback
                0x00000000080067e0      0x380 Core/Src/main.o
                0x00000000080067e0                HAL_TIM_IC_CaptureCallback
 .text._Z12battery_calcv
                0x0000000008006b60      0x35c Core/Src/main.o
                0x0000000008006b60                battery_calc()
 *fill*         0x0000000008006ebc        0x4 
 .text.HAL_TIM_PeriodElapsedCallback
                0x0000000008006ec0      0x290 Core/Src/main.o
                0x0000000008006ec0                HAL_TIM_PeriodElapsedCallback
 .text._Z10DHT11_Readv
                0x0000000008007150      0x38c Core/Src/main.o
                0x0000000008007150                DHT11_Read()
 .text.HAL_GPIO_EXTI_Callback
                0x00000000080074dc       0x30 Core/Src/main.o
                0x00000000080074dc                HAL_GPIO_EXTI_Callback
 .text.HAL_UART_RxCpltCallback
                0x000000000800750c       0x8c Core/Src/main.o
                0x000000000800750c                HAL_UART_RxCpltCallback
 .text.Error_Handler
                0x0000000008007598        0xe Core/Src/main.o
                0x0000000008007598                Error_Handler
 *fill*         0x00000000080075a6        0x2 
 .text._Z41__static_initialization_and_destruction_0ii
                0x00000000080075a8       0x70 Core/Src/main.o
 .text._GLOBAL__sub_I_hadc3
                0x0000000008007618       0x10 Core/Src/main.o
 .text.HAL_MspInit
                0x0000000008007628       0x50 Core/Src/stm32f4xx_hal_msp.o
                0x0000000008007628                HAL_MspInit
 .text.HAL_ADC_MspInit
                0x0000000008007678      0x12c Core/Src/stm32f4xx_hal_msp.o
                0x0000000008007678                HAL_ADC_MspInit
 .text.HAL_I2C_MspInit
                0x00000000080077a4       0x90 Core/Src/stm32f4xx_hal_msp.o
                0x00000000080077a4                HAL_I2C_MspInit
 .text.HAL_TIM_Base_MspInit
                0x0000000008007834      0x1c0 Core/Src/stm32f4xx_hal_msp.o
                0x0000000008007834                HAL_TIM_Base_MspInit
 .text.HAL_TIM_IC_MspInit
                0x00000000080079f4      0x1f8 Core/Src/stm32f4xx_hal_msp.o
                0x00000000080079f4                HAL_TIM_IC_MspInit
 .text.HAL_TIM_MspPostInit
                0x0000000008007bec       0xc0 Core/Src/stm32f4xx_hal_msp.o
                0x0000000008007bec                HAL_TIM_MspPostInit
 .text.HAL_UART_MspInit
                0x0000000008007cac      0x294 Core/Src/stm32f4xx_hal_msp.o
                0x0000000008007cac                HAL_UART_MspInit
 .text.HAL_PCD_MspInit
                0x0000000008007f40       0xb4 Core/Src/stm32f4xx_hal_msp.o
                0x0000000008007f40                HAL_PCD_MspInit
 .text.NMI_Handler
                0x0000000008007ff4        0xe Core/Src/stm32f4xx_it.o
                0x0000000008007ff4                NMI_Handler
 .text.HardFault_Handler
                0x0000000008008002        0x6 Core/Src/stm32f4xx_it.o
                0x0000000008008002                HardFault_Handler
 .text.MemManage_Handler
                0x0000000008008008        0x6 Core/Src/stm32f4xx_it.o
                0x0000000008008008                MemManage_Handler
 .text.BusFault_Handler
                0x000000000800800e        0x6 Core/Src/stm32f4xx_it.o
                0x000000000800800e                BusFault_Handler
 .text.UsageFault_Handler
                0x0000000008008014        0x6 Core/Src/stm32f4xx_it.o
                0x0000000008008014                UsageFault_Handler
 .text.SVC_Handler
                0x000000000800801a        0xe Core/Src/stm32f4xx_it.o
                0x000000000800801a                SVC_Handler
 .text.DebugMon_Handler
                0x0000000008008028        0xe Core/Src/stm32f4xx_it.o
                0x0000000008008028                DebugMon_Handler
 .text.PendSV_Handler
                0x0000000008008036        0xe Core/Src/stm32f4xx_it.o
                0x0000000008008036                PendSV_Handler
 .text.SysTick_Handler
                0x0000000008008044        0xc Core/Src/stm32f4xx_it.o
                0x0000000008008044                SysTick_Handler
 .text.EXTI0_IRQHandler
                0x0000000008008050        0xe Core/Src/stm32f4xx_it.o
                0x0000000008008050                EXTI0_IRQHandler
 *fill*         0x000000000800805e        0x2 
 .text.DMA1_Stream5_IRQHandler
                0x0000000008008060       0x14 Core/Src/stm32f4xx_it.o
                0x0000000008008060                DMA1_Stream5_IRQHandler
 .text.TIM1_UP_TIM10_IRQHandler
                0x0000000008008074       0x1c Core/Src/stm32f4xx_it.o
                0x0000000008008074                TIM1_UP_TIM10_IRQHandler
 .text.TIM2_IRQHandler
                0x0000000008008090       0x14 Core/Src/stm32f4xx_it.o
                0x0000000008008090                TIM2_IRQHandler
 .text.TIM3_IRQHandler
                0x00000000080080a4       0x14 Core/Src/stm32f4xx_it.o
                0x00000000080080a4                TIM3_IRQHandler
 .text.TIM4_IRQHandler
                0x00000000080080b8       0x14 Core/Src/stm32f4xx_it.o
                0x00000000080080b8                TIM4_IRQHandler
 .text.USART2_IRQHandler
                0x00000000080080cc       0x14 Core/Src/stm32f4xx_it.o
                0x00000000080080cc                USART2_IRQHandler
 .text.TIM8_UP_TIM13_IRQHandler
                0x00000000080080e0       0x1c Core/Src/stm32f4xx_it.o
                0x00000000080080e0                TIM8_UP_TIM13_IRQHandler
 .text.TIM8_TRG_COM_TIM14_IRQHandler
                0x00000000080080fc       0x1c Core/Src/stm32f4xx_it.o
                0x00000000080080fc                TIM8_TRG_COM_TIM14_IRQHandler
 .text.TIM8_CC_IRQHandler
                0x0000000008008118       0x14 Core/Src/stm32f4xx_it.o
                0x0000000008008118                TIM8_CC_IRQHandler
 .text.DMA2_Stream0_IRQHandler
                0x000000000800812c       0x14 Core/Src/stm32f4xx_it.o
                0x000000000800812c                DMA2_Stream0_IRQHandler
 .text.DMA2_Stream1_IRQHandler
                0x0000000008008140       0x14 Core/Src/stm32f4xx_it.o
                0x0000000008008140                DMA2_Stream1_IRQHandler
 .text.USART6_IRQHandler
                0x0000000008008154       0x14 Core/Src/stm32f4xx_it.o
                0x0000000008008154                USART6_IRQHandler
 .text.SystemInit
                0x0000000008008168       0x2c Core/Src/system_stm32f4xx.o
                0x0000000008008168                SystemInit
 .text.Reset_Handler
                0x0000000008008194       0x50 Core/Startup/startup_stm32f429zitx.o
                0x0000000008008194                Reset_Handler
 .text.Default_Handler
                0x00000000080081e4        0x2 Core/Startup/startup_stm32f429zitx.o
                0x00000000080081e4                RTC_Alarm_IRQHandler
                0x00000000080081e4                HASH_RNG_IRQHandler
                0x00000000080081e4                EXTI2_IRQHandler
                0x00000000080081e4                UART8_IRQHandler
                0x00000000080081e4                SPI4_IRQHandler
                0x00000000080081e4                TIM1_CC_IRQHandler
                0x00000000080081e4                DMA2_Stream5_IRQHandler
                0x00000000080081e4                PVD_IRQHandler
                0x00000000080081e4                SDIO_IRQHandler
                0x00000000080081e4                TAMP_STAMP_IRQHandler
                0x00000000080081e4                CAN2_RX1_IRQHandler
                0x00000000080081e4                EXTI3_IRQHandler
                0x00000000080081e4                I2C3_ER_IRQHandler
                0x00000000080081e4                I2C2_EV_IRQHandler
                0x00000000080081e4                DMA1_Stream2_IRQHandler
                0x00000000080081e4                CAN1_RX0_IRQHandler
                0x00000000080081e4                FPU_IRQHandler
                0x00000000080081e4                OTG_HS_WKUP_IRQHandler
                0x00000000080081e4                LTDC_ER_IRQHandler
                0x00000000080081e4                CAN2_SCE_IRQHandler
                0x00000000080081e4                DMA2_Stream2_IRQHandler
                0x00000000080081e4                SPI1_IRQHandler
                0x00000000080081e4                TIM6_DAC_IRQHandler
                0x00000000080081e4                TIM1_BRK_TIM9_IRQHandler
                0x00000000080081e4                DCMI_IRQHandler
                0x00000000080081e4                CAN2_RX0_IRQHandler
                0x00000000080081e4                DMA2_Stream3_IRQHandler
                0x00000000080081e4                USART3_IRQHandler
                0x00000000080081e4                CAN1_RX1_IRQHandler
                0x00000000080081e4                UART5_IRQHandler
                0x00000000080081e4                I2C1_EV_IRQHandler
                0x00000000080081e4                DMA1_Stream6_IRQHandler
                0x00000000080081e4                DMA1_Stream1_IRQHandler
                0x00000000080081e4                UART4_IRQHandler
                0x00000000080081e4                RCC_IRQHandler
                0x00000000080081e4                TIM8_BRK_TIM12_IRQHandler
                0x00000000080081e4                Default_Handler
                0x00000000080081e4                EXTI15_10_IRQHandler
                0x00000000080081e4                ADC_IRQHandler
                0x00000000080081e4                DMA1_Stream7_IRQHandler
                0x00000000080081e4                SPI5_IRQHandler
                0x00000000080081e4                TIM7_IRQHandler
                0x00000000080081e4                CAN2_TX_IRQHandler
                0x00000000080081e4                TIM5_IRQHandler
                0x00000000080081e4                DMA2_Stream7_IRQHandler
                0x00000000080081e4                I2C3_EV_IRQHandler
                0x00000000080081e4                EXTI9_5_IRQHandler
                0x00000000080081e4                RTC_WKUP_IRQHandler
                0x00000000080081e4                LTDC_IRQHandler
                0x00000000080081e4                ETH_WKUP_IRQHandler
                0x00000000080081e4                SPI2_IRQHandler
                0x00000000080081e4                OTG_HS_EP1_IN_IRQHandler
                0x00000000080081e4                DMA1_Stream0_IRQHandler
                0x00000000080081e4                CAN1_TX_IRQHandler
                0x00000000080081e4                EXTI4_IRQHandler
                0x00000000080081e4                ETH_IRQHandler
                0x00000000080081e4                OTG_HS_EP1_OUT_IRQHandler
                0x00000000080081e4                WWDG_IRQHandler
                0x00000000080081e4                SPI6_IRQHandler
                0x00000000080081e4                OTG_FS_WKUP_IRQHandler
                0x00000000080081e4                TIM1_TRG_COM_TIM11_IRQHandler
                0x00000000080081e4                OTG_HS_IRQHandler
                0x00000000080081e4                DMA2D_IRQHandler
                0x00000000080081e4                EXTI1_IRQHandler
                0x00000000080081e4                UART7_IRQHandler
                0x00000000080081e4                I2C2_ER_IRQHandler
                0x00000000080081e4                CAN1_SCE_IRQHandler
                0x00000000080081e4                FLASH_IRQHandler
                0x00000000080081e4                DMA2_Stream4_IRQHandler
                0x00000000080081e4                USART1_IRQHandler
                0x00000000080081e4                OTG_FS_IRQHandler
                0x00000000080081e4                SPI3_IRQHandler
                0x00000000080081e4                DMA1_Stream4_IRQHandler
                0x00000000080081e4                I2C1_ER_IRQHandler
                0x00000000080081e4                FMC_IRQHandler
                0x00000000080081e4                DMA2_Stream6_IRQHandler
                0x00000000080081e4                SAI1_IRQHandler
                0x00000000080081e4                DMA1_Stream3_IRQHandler
 *fill*         0x00000000080081e6        0x2 
 .text.HAL_Init
                0x00000000080081e8       0x44 Drivers/STM32F4xx_HAL_Driver/Src/stm32f4xx_hal.o
                0x00000000080081e8                HAL_Init
 .text.HAL_InitTick
                0x000000000800822c       0x60 Drivers/STM32F4xx_HAL_Driver/Src/stm32f4xx_hal.o
                0x000000000800822c                HAL_InitTick
 .text.HAL_IncTick
                0x000000000800828c       0x28 Drivers/STM32F4xx_HAL_Driver/Src/stm32f4xx_hal.o
                0x000000000800828c                HAL_IncTick
 .text.HAL_GetTick
                0x00000000080082b4       0x18 Drivers/STM32F4xx_HAL_Driver/Src/stm32f4xx_hal.o
                0x00000000080082b4                HAL_GetTick
 .text.HAL_Delay
                0x00000000080082cc       0x44 Drivers/STM32F4xx_HAL_Driver/Src/stm32f4xx_hal.o
                0x00000000080082cc                HAL_Delay
 .text.HAL_ADC_Init
                0x0000000008008310       0x86 Drivers/STM32F4xx_HAL_Driver/Src/stm32f4xx_hal_adc.o
                0x0000000008008310                HAL_ADC_Init
 *fill*         0x0000000008008396        0x2 
 .text.HAL_ADC_Start_DMA
                0x0000000008008398      0x1e4 Drivers/STM32F4xx_HAL_Driver/Src/stm32f4xx_hal_adc.o
                0x0000000008008398                HAL_ADC_Start_DMA
 .text.HAL_ADC_ConvHalfCpltCallback
                0x000000000800857c       0x14 Drivers/STM32F4xx_HAL_Driver/Src/stm32f4xx_hal_adc.o
                0x000000000800857c                HAL_ADC_ConvHalfCpltCallback
 .text.HAL_ADC_ErrorCallback
                0x0000000008008590       0x14 Drivers/STM32F4xx_HAL_Driver/Src/stm32f4xx_hal_adc.o
                0x0000000008008590                HAL_ADC_ErrorCallback
 .text.HAL_ADC_ConfigChannel
                0x00000000080085a4      0x264 Drivers/STM32F4xx_HAL_Driver/Src/stm32f4xx_hal_adc.o
                0x00000000080085a4                HAL_ADC_ConfigChannel
 .text.ADC_Init
                0x0000000008008808      0x1f8 Drivers/STM32F4xx_HAL_Driver/Src/stm32f4xx_hal_adc.o
 .text.ADC_DMAConvCplt
                0x0000000008008a00       0xba Drivers/STM32F4xx_HAL_Driver/Src/stm32f4xx_hal_adc.o
 .text.ADC_DMAHalfConvCplt
                0x0000000008008aba       0x1c Drivers/STM32F4xx_HAL_Driver/Src/stm32f4xx_hal_adc.o
 .text.ADC_DMAError
                0x0000000008008ad6       0x2e Drivers/STM32F4xx_HAL_Driver/Src/stm32f4xx_hal_adc.o
 .text.__NVIC_SetPriorityGrouping
                0x0000000008008b04       0x48 Drivers/STM32F4xx_HAL_Driver/Src/stm32f4xx_hal_cortex.o
 .text.__NVIC_GetPriorityGrouping
                0x0000000008008b4c       0x1c Drivers/STM32F4xx_HAL_Driver/Src/stm32f4xx_hal_cortex.o
 .text.__NVIC_EnableIRQ
                0x0000000008008b68       0x3c Drivers/STM32F4xx_HAL_Driver/Src/stm32f4xx_hal_cortex.o
 .text.__NVIC_SetPriority
                0x0000000008008ba4       0x54 Drivers/STM32F4xx_HAL_Driver/Src/stm32f4xx_hal_cortex.o
 .text.NVIC_EncodePriority
                0x0000000008008bf8       0x66 Drivers/STM32F4xx_HAL_Driver/Src/stm32f4xx_hal_cortex.o
 *fill*         0x0000000008008c5e        0x2 
 .text.SysTick_Config
                0x0000000008008c60       0x44 Drivers/STM32F4xx_HAL_Driver/Src/stm32f4xx_hal_cortex.o
 .text.HAL_NVIC_SetPriorityGrouping
                0x0000000008008ca4       0x16 Drivers/STM32F4xx_HAL_Driver/Src/stm32f4xx_hal_cortex.o
                0x0000000008008ca4                HAL_NVIC_SetPriorityGrouping
 .text.HAL_NVIC_SetPriority
                0x0000000008008cba       0x38 Drivers/STM32F4xx_HAL_Driver/Src/stm32f4xx_hal_cortex.o
                0x0000000008008cba                HAL_NVIC_SetPriority
 .text.HAL_NVIC_EnableIRQ
                0x0000000008008cf2       0x1c Drivers/STM32F4xx_HAL_Driver/Src/stm32f4xx_hal_cortex.o
                0x0000000008008cf2                HAL_NVIC_EnableIRQ
 .text.HAL_SYSTICK_Config
                0x0000000008008d0e       0x18 Drivers/STM32F4xx_HAL_Driver/Src/stm32f4xx_hal_cortex.o
                0x0000000008008d0e                HAL_SYSTICK_Config
 *fill*         0x0000000008008d26        0x2 
 .text.HAL_DMA_Init
                0x0000000008008d28      0x15c Drivers/STM32F4xx_HAL_Driver/Src/stm32f4xx_hal_dma.o
                0x0000000008008d28                HAL_DMA_Init
 .text.HAL_DMA_Start_IT
                0x0000000008008e84       0xb0 Drivers/STM32F4xx_HAL_Driver/Src/stm32f4xx_hal_dma.o
                0x0000000008008e84                HAL_DMA_Start_IT
 .text.HAL_DMA_Abort_IT
                0x0000000008008f34       0x44 Drivers/STM32F4xx_HAL_Driver/Src/stm32f4xx_hal_dma.o
                0x0000000008008f34                HAL_DMA_Abort_IT
 .text.HAL_DMA_IRQHandler
                0x0000000008008f78      0x314 Drivers/STM32F4xx_HAL_Driver/Src/stm32f4xx_hal_dma.o
                0x0000000008008f78                HAL_DMA_IRQHandler
 .text.DMA_SetConfig
                0x000000000800928c       0x5c Drivers/STM32F4xx_HAL_Driver/Src/stm32f4xx_hal_dma.o
 .text.DMA_CalcBaseAndBitshift
                0x00000000080092e8       0x6c Drivers/STM32F4xx_HAL_Driver/Src/stm32f4xx_hal_dma.o
 .text.DMA_CheckFifoParam
                0x0000000008009354       0xf4 Drivers/STM32F4xx_HAL_Driver/Src/stm32f4xx_hal_dma.o
 .text.HAL_GPIO_Init
                0x0000000008009448      0x354 Drivers/STM32F4xx_HAL_Driver/Src/stm32f4xx_hal_gpio.o
                0x0000000008009448                HAL_GPIO_Init
 .text.HAL_GPIO_ReadPin
                0x000000000800979c       0x30 Drivers/STM32F4xx_HAL_Driver/Src/stm32f4xx_hal_gpio.o
                0x000000000800979c                HAL_GPIO_ReadPin
 .text.HAL_GPIO_WritePin
                0x00000000080097cc       0x32 Drivers/STM32F4xx_HAL_Driver/Src/stm32f4xx_hal_gpio.o
                0x00000000080097cc                HAL_GPIO_WritePin
 .text.HAL_GPIO_TogglePin
                0x00000000080097fe       0x36 Drivers/STM32F4xx_HAL_Driver/Src/stm32f4xx_hal_gpio.o
                0x00000000080097fe                HAL_GPIO_TogglePin
 .text.HAL_GPIO_EXTI_IRQHandler
                0x0000000008009834       0x30 Drivers/STM32F4xx_HAL_Driver/Src/stm32f4xx_hal_gpio.o
                0x0000000008009834                HAL_GPIO_EXTI_IRQHandler
 .text.HAL_I2C_Init
                0x0000000008009864      0x270 Drivers/STM32F4xx_HAL_Driver/Src/stm32f4xx_hal_i2c.o
                0x0000000008009864                HAL_I2C_Init
 .text.HAL_I2C_Mem_Write
                0x0000000008009ad4      0x1f4 Drivers/STM32F4xx_HAL_Driver/Src/stm32f4xx_hal_i2c.o
                0x0000000008009ad4                HAL_I2C_Mem_Write
 .text.HAL_I2C_Mem_Read
                0x0000000008009cc8      0x44c Drivers/STM32F4xx_HAL_Driver/Src/stm32f4xx_hal_i2c.o
                0x0000000008009cc8                HAL_I2C_Mem_Read
 .text.I2C_RequestMemoryWrite
                0x000000000800a114      0x12c Drivers/STM32F4xx_HAL_Driver/Src/stm32f4xx_hal_i2c.o
 .text.I2C_RequestMemoryRead
                0x000000000800a240      0x1d0 Drivers/STM32F4xx_HAL_Driver/Src/stm32f4xx_hal_i2c.o
 .text.I2C_WaitOnFlagUntilTimeout
                0x000000000800a410       0xae Drivers/STM32F4xx_HAL_Driver/Src/stm32f4xx_hal_i2c.o
 .text.I2C_WaitOnMasterAddressFlagUntilTimeout
                0x000000000800a4be       0xfe Drivers/STM32F4xx_HAL_Driver/Src/stm32f4xx_hal_i2c.o
 .text.I2C_WaitOnTXEFlagUntilTimeout
                0x000000000800a5bc       0x82 Drivers/STM32F4xx_HAL_Driver/Src/stm32f4xx_hal_i2c.o
 .text.I2C_WaitOnBTFFlagUntilTimeout
                0x000000000800a63e       0x82 Drivers/STM32F4xx_HAL_Driver/Src/stm32f4xx_hal_i2c.o
 .text.I2C_WaitOnRXNEFlagUntilTimeout
                0x000000000800a6c0       0xac Drivers/STM32F4xx_HAL_Driver/Src/stm32f4xx_hal_i2c.o
 .text.I2C_IsAcknowledgeFailed
                0x000000000800a76c       0x5e Drivers/STM32F4xx_HAL_Driver/Src/stm32f4xx_hal_i2c.o
 .text.HAL_I2CEx_ConfigAnalogFilter
                0x000000000800a7ca       0x78 Drivers/STM32F4xx_HAL_Driver/Src/stm32f4xx_hal_i2c_ex.o
                0x000000000800a7ca                HAL_I2CEx_ConfigAnalogFilter
 .text.HAL_I2CEx_ConfigDigitalFilter
                0x000000000800a842       0x7e Drivers/STM32F4xx_HAL_Driver/Src/stm32f4xx_hal_i2c_ex.o
                0x000000000800a842                HAL_I2CEx_ConfigDigitalFilter
 .text.HAL_PCD_Init
                0x000000000800a8c0      0x23a Drivers/STM32F4xx_HAL_Driver/Src/stm32f4xx_hal_pcd.o
                0x000000000800a8c0                HAL_PCD_Init
 *fill*         0x000000000800aafa        0x2 
 .text.HAL_RCC_OscConfig
                0x000000000800aafc      0x4e0 Drivers/STM32F4xx_HAL_Driver/Src/stm32f4xx_hal_rcc.o
                0x000000000800aafc                HAL_RCC_OscConfig
 .text.HAL_RCC_ClockConfig
                0x000000000800afdc      0x1cc Drivers/STM32F4xx_HAL_Driver/Src/stm32f4xx_hal_rcc.o
                0x000000000800afdc                HAL_RCC_ClockConfig
 .text.HAL_RCC_GetSysClockFreq
                0x000000000800b1a8      0x1b0 Drivers/STM32F4xx_HAL_Driver/Src/stm32f4xx_hal_rcc.o
                0x000000000800b1a8                HAL_RCC_GetSysClockFreq
 .text.HAL_RCC_GetHCLKFreq
                0x000000000800b358       0x18 Drivers/STM32F4xx_HAL_Driver/Src/stm32f4xx_hal_rcc.o
                0x000000000800b358                HAL_RCC_GetHCLKFreq
 .text.HAL_RCC_GetPCLK1Freq
                0x000000000800b370       0x28 Drivers/STM32F4xx_HAL_Driver/Src/stm32f4xx_hal_rcc.o
                0x000000000800b370                HAL_RCC_GetPCLK1Freq
 .text.HAL_RCC_GetPCLK2Freq
                0x000000000800b398       0x28 Drivers/STM32F4xx_HAL_Driver/Src/stm32f4xx_hal_rcc.o
                0x000000000800b398                HAL_RCC_GetPCLK2Freq
 .text.HAL_TIM_Base_Init
                0x000000000800b3c0       0x56 Drivers/STM32F4xx_HAL_Driver/Src/stm32f4xx_hal_tim.o
                0x000000000800b3c0                HAL_TIM_Base_Init
 .text.HAL_TIM_Base_Start
                0x000000000800b416       0x48 Drivers/STM32F4xx_HAL_Driver/Src/stm32f4xx_hal_tim.o
                0x000000000800b416                HAL_TIM_Base_Start
 .text.HAL_TIM_Base_Stop
                0x000000000800b45e       0x56 Drivers/STM32F4xx_HAL_Driver/Src/stm32f4xx_hal_tim.o
                0x000000000800b45e                HAL_TIM_Base_Stop
 .text.HAL_TIM_Base_Start_IT
                0x000000000800b4b4       0x48 Drivers/STM32F4xx_HAL_Driver/Src/stm32f4xx_hal_tim.o
                0x000000000800b4b4                HAL_TIM_Base_Start_IT
 .text.HAL_TIM_PWM_Init
                0x000000000800b4fc       0x56 Drivers/STM32F4xx_HAL_Driver/Src/stm32f4xx_hal_tim.o
                0x000000000800b4fc                HAL_TIM_PWM_Init
 .text.HAL_TIM_PWM_MspInit
                0x000000000800b552       0x14 Drivers/STM32F4xx_HAL_Driver/Src/stm32f4xx_hal_tim.o
                0x000000000800b552                HAL_TIM_PWM_MspInit
 *fill*         0x000000000800b566        0x2 
 .text.HAL_TIM_PWM_Start
                0x000000000800b568       0x7c Drivers/STM32F4xx_HAL_Driver/Src/stm32f4xx_hal_tim.o
                0x000000000800b568                HAL_TIM_PWM_Start
 .text.HAL_TIM_IC_Init
                0x000000000800b5e4       0x56 Drivers/STM32F4xx_HAL_Driver/Src/stm32f4xx_hal_tim.o
                0x000000000800b5e4                HAL_TIM_IC_Init
 *fill*         0x000000000800b63a        0x2 
 .text.HAL_TIM_IC_Start_IT
                0x000000000800b63c       0xd0 Drivers/STM32F4xx_HAL_Driver/Src/stm32f4xx_hal_tim.o
                0x000000000800b63c                HAL_TIM_IC_Start_IT
 .text.HAL_TIM_IRQHandler
                0x000000000800b70c      0x210 Drivers/STM32F4xx_HAL_Driver/Src/stm32f4xx_hal_tim.o
                0x000000000800b70c                HAL_TIM_IRQHandler
 .text.HAL_TIM_IC_ConfigChannel
                0x000000000800b91c      0x138 Drivers/STM32F4xx_HAL_Driver/Src/stm32f4xx_hal_tim.o
                0x000000000800b91c                HAL_TIM_IC_ConfigChannel
 .text.HAL_TIM_PWM_ConfigChannel
                0x000000000800ba54      0x18c Drivers/STM32F4xx_HAL_Driver/Src/stm32f4xx_hal_tim.o
                0x000000000800ba54                HAL_TIM_PWM_ConfigChannel
 .text.HAL_TIM_ConfigClockSource
                0x000000000800bbe0      0x16e Drivers/STM32F4xx_HAL_Driver/Src/stm32f4xx_hal_tim.o
                0x000000000800bbe0                HAL_TIM_ConfigClockSource
 *fill*         0x000000000800bd4e        0x2 
 .text.HAL_TIM_ReadCapturedValue
                0x000000000800bd50       0x88 Drivers/STM32F4xx_HAL_Driver/Src/stm32f4xx_hal_tim.o
                0x000000000800bd50                HAL_TIM_ReadCapturedValue
 .text.HAL_TIM_OC_DelayElapsedCallback
                0x000000000800bdd8       0x14 Drivers/STM32F4xx_HAL_Driver/Src/stm32f4xx_hal_tim.o
                0x000000000800bdd8                HAL_TIM_OC_DelayElapsedCallback
 .text.HAL_TIM_PWM_PulseFinishedCallback
                0x000000000800bdec       0x14 Drivers/STM32F4xx_HAL_Driver/Src/stm32f4xx_hal_tim.o
                0x000000000800bdec                HAL_TIM_PWM_PulseFinishedCallback
 .text.HAL_TIM_TriggerCallback
                0x000000000800be00       0x14 Drivers/STM32F4xx_HAL_Driver/Src/stm32f4xx_hal_tim.o
                0x000000000800be00                HAL_TIM_TriggerCallback
 .text.TIM_Base_SetConfig
                0x000000000800be14      0x140 Drivers/STM32F4xx_HAL_Driver/Src/stm32f4xx_hal_tim.o
                0x000000000800be14                TIM_Base_SetConfig
 .text.TIM_OC1_SetConfig
                0x000000000800bf54       0xe0 Drivers/STM32F4xx_HAL_Driver/Src/stm32f4xx_hal_tim.o
 .text.TIM_OC2_SetConfig
                0x000000000800c034       0xec Drivers/STM32F4xx_HAL_Driver/Src/stm32f4xx_hal_tim.o
                0x000000000800c034                TIM_OC2_SetConfig
 .text.TIM_OC3_SetConfig
                0x000000000800c120       0xe8 Drivers/STM32F4xx_HAL_Driver/Src/stm32f4xx_hal_tim.o
 .text.TIM_OC4_SetConfig
                0x000000000800c208       0xac Drivers/STM32F4xx_HAL_Driver/Src/stm32f4xx_hal_tim.o
 .text.TIM_TI1_SetConfig
                0x000000000800c2b4       0xe8 Drivers/STM32F4xx_HAL_Driver/Src/stm32f4xx_hal_tim.o
                0x000000000800c2b4                TIM_TI1_SetConfig
 .text.TIM_TI1_ConfigInputStage
                0x000000000800c39c       0x5e Drivers/STM32F4xx_HAL_Driver/Src/stm32f4xx_hal_tim.o
 .text.TIM_TI2_SetConfig
                0x000000000800c3fa       0x7a Drivers/STM32F4xx_HAL_Driver/Src/stm32f4xx_hal_tim.o
 .text.TIM_TI2_ConfigInputStage
                0x000000000800c474       0x60 Drivers/STM32F4xx_HAL_Driver/Src/stm32f4xx_hal_tim.o
 .text.TIM_TI3_SetConfig
                0x000000000800c4d4       0x78 Drivers/STM32F4xx_HAL_Driver/Src/stm32f4xx_hal_tim.o
 .text.TIM_TI4_SetConfig
                0x000000000800c54c       0x7a Drivers/STM32F4xx_HAL_Driver/Src/stm32f4xx_hal_tim.o
 .text.TIM_ITRx_SetConfig
                0x000000000800c5c6       0x36 Drivers/STM32F4xx_HAL_Driver/Src/stm32f4xx_hal_tim.o
 .text.TIM_ETR_SetConfig
                0x000000000800c5fc       0x40 Drivers/STM32F4xx_HAL_Driver/Src/stm32f4xx_hal_tim.o
                0x000000000800c5fc                TIM_ETR_SetConfig
 .text.TIM_CCxChannelCmd
                0x000000000800c63c       0x4a Drivers/STM32F4xx_HAL_Driver/Src/stm32f4xx_hal_tim.o
                0x000000000800c63c                TIM_CCxChannelCmd
 *fill*         0x000000000800c686        0x2 
 .text.HAL_TIMEx_MasterConfigSynchronization
                0x000000000800c688       0xf8 Drivers/STM32F4xx_HAL_Driver/Src/stm32f4xx_hal_tim_ex.o
                0x000000000800c688                HAL_TIMEx_MasterConfigSynchronization
 .text.HAL_TIMEx_ConfigBreakDeadTime
                0x000000000800c780       0xa4 Drivers/STM32F4xx_HAL_Driver/Src/stm32f4xx_hal_tim_ex.o
                0x000000000800c780                HAL_TIMEx_ConfigBreakDeadTime
 .text.HAL_TIMEx_CommutCallback
                0x000000000800c824       0x14 Drivers/STM32F4xx_HAL_Driver/Src/stm32f4xx_hal_tim_ex.o
                0x000000000800c824                HAL_TIMEx_CommutCallback
 .text.HAL_TIMEx_BreakCallback
                0x000000000800c838       0x14 Drivers/STM32F4xx_HAL_Driver/Src/stm32f4xx_hal_tim_ex.o
                0x000000000800c838                HAL_TIMEx_BreakCallback
 .text.HAL_UART_Init
                0x000000000800c84c       0x9a Drivers/STM32F4xx_HAL_Driver/Src/stm32f4xx_hal_uart.o
                0x000000000800c84c                HAL_UART_Init
 .text.HAL_UART_Transmit
                0x000000000800c8e6      0x132 Drivers/STM32F4xx_HAL_Driver/Src/stm32f4xx_hal_uart.o
                0x000000000800c8e6                HAL_UART_Transmit
 .text.HAL_UART_Receive
                0x000000000800ca18      0x14c Drivers/STM32F4xx_HAL_Driver/Src/stm32f4xx_hal_uart.o
                0x000000000800ca18                HAL_UART_Receive
 .text.HAL_UART_Receive_DMA
                0x000000000800cb64      0x100 Drivers/STM32F4xx_HAL_Driver/Src/stm32f4xx_hal_uart.o
                0x000000000800cb64                HAL_UART_Receive_DMA
 .text.HAL_UART_IRQHandler
                0x000000000800cc64      0x200 Drivers/STM32F4xx_HAL_Driver/Src/stm32f4xx_hal_uart.o
                0x000000000800cc64                HAL_UART_IRQHandler
 .text.HAL_UART_TxCpltCallback
                0x000000000800ce64       0x14 Drivers/STM32F4xx_HAL_Driver/Src/stm32f4xx_hal_uart.o
                0x000000000800ce64                HAL_UART_TxCpltCallback
 .text.HAL_UART_RxHalfCpltCallback
                0x000000000800ce78       0x14 Drivers/STM32F4xx_HAL_Driver/Src/stm32f4xx_hal_uart.o
                0x000000000800ce78                HAL_UART_RxHalfCpltCallback
 .text.HAL_UART_ErrorCallback
                0x000000000800ce8c       0x14 Drivers/STM32F4xx_HAL_Driver/Src/stm32f4xx_hal_uart.o
                0x000000000800ce8c                HAL_UART_ErrorCallback
 .text.UART_DMAReceiveCplt
                0x000000000800cea0       0x68 Drivers/STM32F4xx_HAL_Driver/Src/stm32f4xx_hal_uart.o
 .text.UART_DMARxHalfCplt
                0x000000000800cf08       0x1c Drivers/STM32F4xx_HAL_Driver/Src/stm32f4xx_hal_uart.o
 .text.UART_DMAError
                0x000000000800cf24       0x94 Drivers/STM32F4xx_HAL_Driver/Src/stm32f4xx_hal_uart.o
 .text.UART_WaitOnFlagUntilTimeout
                0x000000000800cfb8       0x94 Drivers/STM32F4xx_HAL_Driver/Src/stm32f4xx_hal_uart.o
 .text.UART_EndTxTransfer
                0x000000000800d04c       0x2c Drivers/STM32F4xx_HAL_Driver/Src/stm32f4xx_hal_uart.o
 .text.UART_EndRxTransfer
                0x000000000800d078       0x3c Drivers/STM32F4xx_HAL_Driver/Src/stm32f4xx_hal_uart.o
 .text.UART_DMAAbortOnError
                0x000000000800d0b4       0x28 Drivers/STM32F4xx_HAL_Driver/Src/stm32f4xx_hal_uart.o
 .text.UART_Transmit_IT
                0x000000000800d0dc       0xac Drivers/STM32F4xx_HAL_Driver/Src/stm32f4xx_hal_uart.o
 .text.UART_EndTransmit_IT
                0x000000000800d188       0x30 Drivers/STM32F4xx_HAL_Driver/Src/stm32f4xx_hal_uart.o
 .text.UART_Receive_IT
                0x000000000800d1b8      0x102 Drivers/STM32F4xx_HAL_Driver/Src/stm32f4xx_hal_uart.o
 *fill*         0x000000000800d2ba        0x2 
 .text.UART_SetConfig
                0x000000000800d2bc      0x6f8 Drivers/STM32F4xx_HAL_Driver/Src/stm32f4xx_hal_uart.o
 .text.USB_CoreInit
                0x000000000800d9b4       0xc2 Drivers/STM32F4xx_HAL_Driver/Src/stm32f4xx_ll_usb.o
                0x000000000800d9b4                USB_CoreInit
 .text.USB_DisableGlobalInt
                0x000000000800da76       0x22 Drivers/STM32F4xx_HAL_Driver/Src/stm32f4xx_ll_usb.o
                0x000000000800da76                USB_DisableGlobalInt
 .text.USB_SetCurrentMode
                0x000000000800da98       0x54 Drivers/STM32F4xx_HAL_Driver/Src/stm32f4xx_ll_usb.o
                0x000000000800da98                USB_SetCurrentMode
 .text.USB_DevInit
                0x000000000800daec      0x2c8 Drivers/STM32F4xx_HAL_Driver/Src/stm32f4xx_ll_usb.o
                0x000000000800daec                USB_DevInit
 .text.USB_FlushTxFifo
                0x000000000800ddb4       0x4c Drivers/STM32F4xx_HAL_Driver/Src/stm32f4xx_ll_usb.o
                0x000000000800ddb4                USB_FlushTxFifo
 .text.USB_FlushRxFifo
                0x000000000800de00       0x44 Drivers/STM32F4xx_HAL_Driver/Src/stm32f4xx_ll_usb.o
                0x000000000800de00                USB_FlushRxFifo
 .text.USB_SetDevSpeed
                0x000000000800de44       0x32 Drivers/STM32F4xx_HAL_Driver/Src/stm32f4xx_ll_usb.o
                0x000000000800de44                USB_SetDevSpeed
 .text.USB_DevDisconnect
                0x000000000800de76       0x42 Drivers/STM32F4xx_HAL_Driver/Src/stm32f4xx_ll_usb.o
                0x000000000800de76                USB_DevDisconnect
 .text.USB_CoreReset
                0x000000000800deb8       0x68 Drivers/STM32F4xx_HAL_Driver/Src/stm32f4xx_ll_usb.o
 .text.pow      0x000000000800df20      0x2e0 c:/st/stm32cubeide_1.3.0/stm32cubeide/plugins/com.st.stm32cube.ide.mcu.externaltools.gnu-tools-for-stm32.7-2018-q2-update.win32_1.0.0.201904181610/tools/bin/../lib/gcc/arm-none-eabi/7.3.1/../../../../arm-none-eabi/lib/thumb/v7e-m/fpv4-sp/hard\libm.a(lib_a-w_pow.o)
                0x000000000800df20                pow
 .text.__ieee754_pow
                0x000000000800e200      0xa1c c:/st/stm32cubeide_1.3.0/stm32cubeide/plugins/com.st.stm32cube.ide.mcu.externaltools.gnu-tools-for-stm32.7-2018-q2-update.win32_1.0.0.201904181610/tools/bin/../lib/gcc/arm-none-eabi/7.3.1/../../../../arm-none-eabi/lib/thumb/v7e-m/fpv4-sp/hard\libm.a(lib_a-e_pow.o)
                0x000000000800e200                __ieee754_pow
 .text.__ieee754_sqrt
                0x000000000800ec1c      0x160 c:/st/stm32cubeide_1.3.0/stm32cubeide/plugins/com.st.stm32cube.ide.mcu.externaltools.gnu-tools-for-stm32.7-2018-q2-update.win32_1.0.0.201904181610/tools/bin/../lib/gcc/arm-none-eabi/7.3.1/../../../../arm-none-eabi/lib/thumb/v7e-m/fpv4-sp/hard\libm.a(lib_a-e_sqrt.o)
                0x000000000800ec1c                __ieee754_sqrt
 .text.fabs     0x000000000800ed7c       0x12 c:/st/stm32cubeide_1.3.0/stm32cubeide/plugins/com.st.stm32cube.ide.mcu.externaltools.gnu-tools-for-stm32.7-2018-q2-update.win32_1.0.0.201904181610/tools/bin/../lib/gcc/arm-none-eabi/7.3.1/../../../../arm-none-eabi/lib/thumb/v7e-m/fpv4-sp/hard\libm.a(lib_a-s_fabs.o)
                0x000000000800ed7c                fabs
 .text.finite   0x000000000800ed8e       0x10 c:/st/stm32cubeide_1.3.0/stm32cubeide/plugins/com.st.stm32cube.ide.mcu.externaltools.gnu-tools-for-stm32.7-2018-q2-update.win32_1.0.0.201904181610/tools/bin/../lib/gcc/arm-none-eabi/7.3.1/../../../../arm-none-eabi/lib/thumb/v7e-m/fpv4-sp/hard\libm.a(lib_a-s_finite.o)
                0x000000000800ed8e                finite
 .text.matherr  0x000000000800ed9e        0x4 c:/st/stm32cubeide_1.3.0/stm32cubeide/plugins/com.st.stm32cube.ide.mcu.externaltools.gnu-tools-for-stm32.7-2018-q2-update.win32_1.0.0.201904181610/tools/bin/../lib/gcc/arm-none-eabi/7.3.1/../../../../arm-none-eabi/lib/thumb/v7e-m/fpv4-sp/hard\libm.a(lib_a-s_matherr.o)
                0x000000000800ed9e                matherr
 *fill*         0x000000000800eda2        0x6 
 .text.nan      0x000000000800eda8       0x10 c:/st/stm32cubeide_1.3.0/stm32cubeide/plugins/com.st.stm32cube.ide.mcu.externaltools.gnu-tools-for-stm32.7-2018-q2-update.win32_1.0.0.201904181610/tools/bin/../lib/gcc/arm-none-eabi/7.3.1/../../../../arm-none-eabi/lib/thumb/v7e-m/fpv4-sp/hard\libm.a(lib_a-s_nan.o)
                0x000000000800eda8                nan
 .text.rint     0x000000000800edb8      0x108 c:/st/stm32cubeide_1.3.0/stm32cubeide/plugins/com.st.stm32cube.ide.mcu.externaltools.gnu-tools-for-stm32.7-2018-q2-update.win32_1.0.0.201904181610/tools/bin/../lib/gcc/arm-none-eabi/7.3.1/../../../../arm-none-eabi/lib/thumb/v7e-m/fpv4-sp/hard\libm.a(lib_a-s_rint.o)
                0x000000000800edb8                rint
 .text.scalbn   0x000000000800eec0       0xec c:/st/stm32cubeide_1.3.0/stm32cubeide/plugins/com.st.stm32cube.ide.mcu.externaltools.gnu-tools-for-stm32.7-2018-q2-update.win32_1.0.0.201904181610/tools/bin/../lib/gcc/arm-none-eabi/7.3.1/../../../../arm-none-eabi/lib/thumb/v7e-m/fpv4-sp/hard\libm.a(lib_a-s_scalbn.o)
                0x000000000800eec0                scalbn
 .text.copysign
                0x000000000800efac       0x1e c:/st/stm32cubeide_1.3.0/stm32cubeide/plugins/com.st.stm32cube.ide.mcu.externaltools.gnu-tools-for-stm32.7-2018-q2-update.win32_1.0.0.201904181610/tools/bin/../lib/gcc/arm-none-eabi/7.3.1/../../../../arm-none-eabi/lib/thumb/v7e-m/fpv4-sp/hard\libm.a(lib_a-s_copysign.o)
                0x000000000800efac                copysign
 *fill*         0x000000000800efca        0x2 
 .text.__errno  0x000000000800efcc        0xc c:/st/stm32cubeide_1.3.0/stm32cubeide/plugins/com.st.stm32cube.ide.mcu.externaltools.gnu-tools-for-stm32.7-2018-q2-update.win32_1.0.0.201904181610/tools/bin/../lib/gcc/arm-none-eabi/7.3.1/../../../../arm-none-eabi/lib/thumb/v7e-m/fpv4-sp/hard\libc_nano.a(lib_a-errno.o)
                0x000000000800efcc                __errno
 .text.__libc_init_array
                0x000000000800efd8       0x48 c:/st/stm32cubeide_1.3.0/stm32cubeide/plugins/com.st.stm32cube.ide.mcu.externaltools.gnu-tools-for-stm32.7-2018-q2-update.win32_1.0.0.201904181610/tools/bin/../lib/gcc/arm-none-eabi/7.3.1/../../../../arm-none-eabi/lib/thumb/v7e-m/fpv4-sp/hard\libc_nano.a(lib_a-init.o)
                0x000000000800efd8                __libc_init_array
 .text.memset   0x000000000800f020       0x10 c:/st/stm32cubeide_1.3.0/stm32cubeide/plugins/com.st.stm32cube.ide.mcu.externaltools.gnu-tools-for-stm32.7-2018-q2-update.win32_1.0.0.201904181610/tools/bin/../lib/gcc/arm-none-eabi/7.3.1/../../../../arm-none-eabi/lib/thumb/v7e-m/fpv4-sp/hard\libc_nano.a(lib_a-memset.o)
                0x000000000800f020                memset
 *(.glue_7)
 .glue_7        0x000000000800f030        0x0 linker stubs
 *(.glue_7t)
 .glue_7t       0x000000000800f030        0x0 linker stubs
 *(.eh_frame)
 .eh_frame      0x000000000800f030        0x0 c:/st/stm32cubeide_1.3.0/stm32cubeide/plugins/com.st.stm32cube.ide.mcu.externaltools.gnu-tools-for-stm32.7-2018-q2-update.win32_1.0.0.201904181610/tools/bin/../lib/gcc/arm-none-eabi/7.3.1/thumb/v7e-m/fpv4-sp/hard/crtbegin.o
 *(.init)
 .init          0x000000000800f030        0x4 c:/st/stm32cubeide_1.3.0/stm32cubeide/plugins/com.st.stm32cube.ide.mcu.externaltools.gnu-tools-for-stm32.7-2018-q2-update.win32_1.0.0.201904181610/tools/bin/../lib/gcc/arm-none-eabi/7.3.1/thumb/v7e-m/fpv4-sp/hard/crti.o
                0x000000000800f030                _init
 .init          0x000000000800f034        0x8 c:/st/stm32cubeide_1.3.0/stm32cubeide/plugins/com.st.stm32cube.ide.mcu.externaltools.gnu-tools-for-stm32.7-2018-q2-update.win32_1.0.0.201904181610/tools/bin/../lib/gcc/arm-none-eabi/7.3.1/thumb/v7e-m/fpv4-sp/hard/crtn.o
 *(.fini)
 .fini          0x000000000800f03c        0x4 c:/st/stm32cubeide_1.3.0/stm32cubeide/plugins/com.st.stm32cube.ide.mcu.externaltools.gnu-tools-for-stm32.7-2018-q2-update.win32_1.0.0.201904181610/tools/bin/../lib/gcc/arm-none-eabi/7.3.1/thumb/v7e-m/fpv4-sp/hard/crti.o
                0x000000000800f03c                _fini
 .fini          0x000000000800f040        0x8 c:/st/stm32cubeide_1.3.0/stm32cubeide/plugins/com.st.stm32cube.ide.mcu.externaltools.gnu-tools-for-stm32.7-2018-q2-update.win32_1.0.0.201904181610/tools/bin/../lib/gcc/arm-none-eabi/7.3.1/thumb/v7e-m/fpv4-sp/hard/crtn.o
                0x000000000800f048                . = ALIGN (0x4)
                0x000000000800f048                _etext = .

.vfp11_veneer   0x000000000800f048        0x0
 .vfp11_veneer  0x000000000800f048        0x0 linker stubs

.v4_bx          0x000000000800f048        0x0
 .v4_bx         0x000000000800f048        0x0 linker stubs

.iplt           0x000000000800f048        0x0
 .iplt          0x000000000800f048        0x0 c:/st/stm32cubeide_1.3.0/stm32cubeide/plugins/com.st.stm32cube.ide.mcu.externaltools.gnu-tools-for-stm32.7-2018-q2-update.win32_1.0.0.201904181610/tools/bin/../lib/gcc/arm-none-eabi/7.3.1/thumb/v7e-m/fpv4-sp/hard/crtbegin.o

.rodata         0x000000000800f048       0x68
                0x000000000800f048                . = ALIGN (0x4)
 *(.rodata)
 *(.rodata*)
 .rodata.AHBPrescTable
                0x000000000800f048       0x10 Core/Src/system_stm32f4xx.o
                0x000000000800f048                AHBPrescTable
 .rodata.APBPrescTable
                0x000000000800f058        0x8 Core/Src/system_stm32f4xx.o
                0x000000000800f058                APBPrescTable
 .rodata.flagBitshiftOffset.8993
                0x000000000800f060        0x8 Drivers/STM32F4xx_HAL_Driver/Src/stm32f4xx_hal_dma.o
 .rodata.pow.str1.1
                0x000000000800f068        0x4 c:/st/stm32cubeide_1.3.0/stm32cubeide/plugins/com.st.stm32cube.ide.mcu.externaltools.gnu-tools-for-stm32.7-2018-q2-update.win32_1.0.0.201904181610/tools/bin/../lib/gcc/arm-none-eabi/7.3.1/../../../../arm-none-eabi/lib/thumb/v7e-m/fpv4-sp/hard\libm.a(lib_a-w_pow.o)
 .rodata.__ieee754_pow.str1.1
                0x000000000800f06c        0x4 c:/st/stm32cubeide_1.3.0/stm32cubeide/plugins/com.st.stm32cube.ide.mcu.externaltools.gnu-tools-for-stm32.7-2018-q2-update.win32_1.0.0.201904181610/tools/bin/../lib/gcc/arm-none-eabi/7.3.1/../../../../arm-none-eabi/lib/thumb/v7e-m/fpv4-sp/hard\libm.a(lib_a-e_pow.o)
                                          0x1 (size before relaxing)
 *fill*         0x000000000800f06c        0x4 
 .rodata.bp     0x000000000800f070       0x10 c:/st/stm32cubeide_1.3.0/stm32cubeide/plugins/com.st.stm32cube.ide.mcu.externaltools.gnu-tools-for-stm32.7-2018-q2-update.win32_1.0.0.201904181610/tools/bin/../lib/gcc/arm-none-eabi/7.3.1/../../../../arm-none-eabi/lib/thumb/v7e-m/fpv4-sp/hard\libm.a(lib_a-e_pow.o)
 .rodata.dp_h   0x000000000800f080       0x10 c:/st/stm32cubeide_1.3.0/stm32cubeide/plugins/com.st.stm32cube.ide.mcu.externaltools.gnu-tools-for-stm32.7-2018-q2-update.win32_1.0.0.201904181610/tools/bin/../lib/gcc/arm-none-eabi/7.3.1/../../../../arm-none-eabi/lib/thumb/v7e-m/fpv4-sp/hard\libm.a(lib_a-e_pow.o)
 .rodata.dp_l   0x000000000800f090       0x10 c:/st/stm32cubeide_1.3.0/stm32cubeide/plugins/com.st.stm32cube.ide.mcu.externaltools.gnu-tools-for-stm32.7-2018-q2-update.win32_1.0.0.201904181610/tools/bin/../lib/gcc/arm-none-eabi/7.3.1/../../../../arm-none-eabi/lib/thumb/v7e-m/fpv4-sp/hard\libm.a(lib_a-e_pow.o)
 .rodata.TWO52  0x000000000800f0a0       0x10 c:/st/stm32cubeide_1.3.0/stm32cubeide/plugins/com.st.stm32cube.ide.mcu.externaltools.gnu-tools-for-stm32.7-2018-q2-update.win32_1.0.0.201904181610/tools/bin/../lib/gcc/arm-none-eabi/7.3.1/../../../../arm-none-eabi/lib/thumb/v7e-m/fpv4-sp/hard\libm.a(lib_a-s_rint.o)
                0x000000000800f0b0                . = ALIGN (0x4)

.ARM.extab      0x000000000800f0b0        0x0
                0x000000000800f0b0                . = ALIGN (0x4)
 *(.ARM.extab* .gnu.linkonce.armextab.*)
                0x000000000800f0b0                . = ALIGN (0x4)

.ARM            0x000000000800f0b0        0x8
                0x000000000800f0b0                . = ALIGN (0x4)
                0x000000000800f0b0                __exidx_start = .
 *(.ARM.exidx*)
 .ARM.exidx     0x000000000800f0b0        0x8 c:/st/stm32cubeide_1.3.0/stm32cubeide/plugins/com.st.stm32cube.ide.mcu.externaltools.gnu-tools-for-stm32.7-2018-q2-update.win32_1.0.0.201904181610/tools/bin/../lib/gcc/arm-none-eabi/7.3.1/thumb/v7e-m/fpv4-sp/hard\libgcc.a(_udivmoddi4.o)
                0x000000000800f0b8                __exidx_end = .
                0x000000000800f0b8                . = ALIGN (0x4)

.rel.dyn        0x000000000800f0b8        0x0
 .rel.iplt      0x000000000800f0b8        0x0 c:/st/stm32cubeide_1.3.0/stm32cubeide/plugins/com.st.stm32cube.ide.mcu.externaltools.gnu-tools-for-stm32.7-2018-q2-update.win32_1.0.0.201904181610/tools/bin/../lib/gcc/arm-none-eabi/7.3.1/thumb/v7e-m/fpv4-sp/hard/crtbegin.o

.preinit_array  0x000000000800f0b8        0x0
                0x000000000800f0b8                . = ALIGN (0x4)
                0x000000000800f0b8                PROVIDE (__preinit_array_start = .)
 *(.preinit_array*)
                0x000000000800f0b8                PROVIDE (__preinit_array_end = .)
                0x000000000800f0b8                . = ALIGN (0x4)

.init_array     0x000000000800f0b8        0x8
                0x000000000800f0b8                . = ALIGN (0x4)
                0x000000000800f0b8                PROVIDE (__init_array_start = .)
 *(SORT_BY_NAME(.init_array.*))
 *(.init_array*)
 .init_array    0x000000000800f0b8        0x4 c:/st/stm32cubeide_1.3.0/stm32cubeide/plugins/com.st.stm32cube.ide.mcu.externaltools.gnu-tools-for-stm32.7-2018-q2-update.win32_1.0.0.201904181610/tools/bin/../lib/gcc/arm-none-eabi/7.3.1/thumb/v7e-m/fpv4-sp/hard/crtbegin.o
 .init_array    0x000000000800f0bc        0x4 Core/Src/main.o
                0x000000000800f0c0                PROVIDE (__init_array_end = .)
                0x000000000800f0c0                . = ALIGN (0x4)

.fini_array     0x000000000800f0c0        0x4
                0x000000000800f0c0                . = ALIGN (0x4)
                [!provide]                        PROVIDE (__fini_array_start = .)
 *(SORT_BY_NAME(.fini_array.*))
 *(.fini_array*)
 .fini_array    0x000000000800f0c0        0x4 c:/st/stm32cubeide_1.3.0/stm32cubeide/plugins/com.st.stm32cube.ide.mcu.externaltools.gnu-tools-for-stm32.7-2018-q2-update.win32_1.0.0.201904181610/tools/bin/../lib/gcc/arm-none-eabi/7.3.1/thumb/v7e-m/fpv4-sp/hard/crtbegin.o
                [!provide]                        PROVIDE (__fini_array_end = .)
                0x000000000800f0c4                . = ALIGN (0x4)
                0x000000000800f0c4                _sidata = LOADADDR (.data)

.data           0x0000000020000000       0x7c load address 0x000000000800f0c4
                0x0000000020000000                . = ALIGN (0x4)
                0x0000000020000000                _sdata = .
 *(.data)
 *(.data*)
 .data.water_schaduale
                0x0000000020000000        0x4 Core/Src/main.o
                0x0000000020000000                water_schaduale
 .data.watering_period
                0x0000000020000004        0x4 Core/Src/main.o
                0x0000000020000004                watering_period
 .data.sunlight_schaduale
                0x0000000020000008        0x4 Core/Src/main.o
                0x0000000020000008                sunlight_schaduale
 .data.SystemCoreClock
                0x000000002000000c        0x4 Core/Src/system_stm32f4xx.o
                0x000000002000000c                SystemCoreClock
 .data.uwTickPrio
                0x0000000020000010        0x4 Drivers/STM32F4xx_HAL_Driver/Src/stm32f4xx_hal.o
                0x0000000020000010                uwTickPrio
 .data.uwTickFreq
                0x0000000020000014        0x1 Drivers/STM32F4xx_HAL_Driver/Src/stm32f4xx_hal.o
                0x0000000020000014                uwTickFreq
 .data.__fdlib_version
                0x0000000020000015        0x1 c:/st/stm32cubeide_1.3.0/stm32cubeide/plugins/com.st.stm32cube.ide.mcu.externaltools.gnu-tools-for-stm32.7-2018-q2-update.win32_1.0.0.201904181610/tools/bin/../lib/gcc/arm-none-eabi/7.3.1/../../../../arm-none-eabi/lib/thumb/v7e-m/fpv4-sp/hard\libm.a(lib_a-s_lib_ver.o)
                0x0000000020000015                __fdlib_version
 *fill*         0x0000000020000016        0x2 
 .data._impure_ptr
                0x0000000020000018        0x4 c:/st/stm32cubeide_1.3.0/stm32cubeide/plugins/com.st.stm32cube.ide.mcu.externaltools.gnu-tools-for-stm32.7-2018-q2-update.win32_1.0.0.201904181610/tools/bin/../lib/gcc/arm-none-eabi/7.3.1/../../../../arm-none-eabi/lib/thumb/v7e-m/fpv4-sp/hard\libc_nano.a(lib_a-impure.o)
                0x0000000020000018                _impure_ptr
 .data.impure_data
                0x000000002000001c       0x60 c:/st/stm32cubeide_1.3.0/stm32cubeide/plugins/com.st.stm32cube.ide.mcu.externaltools.gnu-tools-for-stm32.7-2018-q2-update.win32_1.0.0.201904181610/tools/bin/../lib/gcc/arm-none-eabi/7.3.1/../../../../arm-none-eabi/lib/thumb/v7e-m/fpv4-sp/hard\libc_nano.a(lib_a-impure.o)
                0x000000002000007c                . = ALIGN (0x4)
                0x000000002000007c                _edata = .

.igot.plt       0x000000002000007c        0x0 load address 0x000000000800f140
 .igot.plt      0x000000002000007c        0x0 c:/st/stm32cubeide_1.3.0/stm32cubeide/plugins/com.st.stm32cube.ide.mcu.externaltools.gnu-tools-for-stm32.7-2018-q2-update.win32_1.0.0.201904181610/tools/bin/../lib/gcc/arm-none-eabi/7.3.1/thumb/v7e-m/fpv4-sp/hard/crtbegin.o
                0x000000002000007c                . = ALIGN (0x4)

.bss            0x000000002000007c     0x26c0 load address 0x000000000800f140
                0x000000002000007c                _sbss = .
                0x000000002000007c                __bss_start__ = _sbss
 *(.bss)
 .bss           0x000000002000007c       0x1c c:/st/stm32cubeide_1.3.0/stm32cubeide/plugins/com.st.stm32cube.ide.mcu.externaltools.gnu-tools-for-stm32.7-2018-q2-update.win32_1.0.0.201904181610/tools/bin/../lib/gcc/arm-none-eabi/7.3.1/thumb/v7e-m/fpv4-sp/hard/crtbegin.o
 *(.bss*)
 .bss.hadc3     0x0000000020000098       0x48 Core/Src/main.o
                0x0000000020000098                hadc3
 .bss.hdma_adc3
                0x00000000200000e0       0x60 Core/Src/main.o
                0x00000000200000e0                hdma_adc3
 .bss.hi2c1     0x0000000020000140       0x54 Core/Src/main.o
                0x0000000020000140                hi2c1
 .bss.htim1     0x0000000020000194       0x40 Core/Src/main.o
                0x0000000020000194                htim1
 .bss.htim2     0x00000000200001d4       0x40 Core/Src/main.o
                0x00000000200001d4                htim2
 .bss.htim3     0x0000000020000214       0x40 Core/Src/main.o
                0x0000000020000214                htim3
 .bss.htim4     0x0000000020000254       0x40 Core/Src/main.o
                0x0000000020000254                htim4
 .bss.htim8     0x0000000020000294       0x40 Core/Src/main.o
                0x0000000020000294                htim8
 .bss.htim9     0x00000000200002d4       0x40 Core/Src/main.o
                0x00000000200002d4                htim9
 .bss.htim10    0x0000000020000314       0x40 Core/Src/main.o
                0x0000000020000314                htim10
 .bss.htim11    0x0000000020000354       0x40 Core/Src/main.o
                0x0000000020000354                htim11
 .bss.htim12    0x0000000020000394       0x40 Core/Src/main.o
                0x0000000020000394                htim12
 .bss.htim13    0x00000000200003d4       0x40 Core/Src/main.o
                0x00000000200003d4                htim13
 .bss.htim14    0x0000000020000414       0x40 Core/Src/main.o
                0x0000000020000414                htim14
 .bss.huart2    0x0000000020000454       0x40 Core/Src/main.o
                0x0000000020000454                huart2
 .bss.huart3    0x0000000020000494       0x40 Core/Src/main.o
                0x0000000020000494                huart3
 .bss.huart6    0x00000000200004d4       0x40 Core/Src/main.o
                0x00000000200004d4                huart6
 .bss.hdma_usart2_rx
                0x0000000020000514       0x60 Core/Src/main.o
                0x0000000020000514                hdma_usart2_rx
 .bss.hdma_usart6_rx
                0x0000000020000574       0x60 Core/Src/main.o
                0x0000000020000574                hdma_usart6_rx
 .bss.hpcd_USB_OTG_FS
                0x00000000200005d4      0x408 Core/Src/main.o
                0x00000000200005d4                hpcd_USB_OTG_FS
 .bss.t_data    0x00000000200009dc       0x14 Core/Src/main.o
                0x00000000200009dc                t_data
 .bss.r_data    0x00000000200009f0        0x8 Core/Src/main.o
                0x00000000200009f0                r_data
 .bss.encoderL  0x00000000200009f8        0x4 Core/Src/main.o
                0x00000000200009f8                encoderL
 .bss.encoderR  0x00000000200009fc        0x4 Core/Src/main.o
                0x00000000200009fc                encoderR
 .bss.dcright   0x0000000020000a00       0x18 Core/Src/main.o
                0x0000000020000a00                dcright
 .bss.dcleft    0x0000000020000a18       0x18 Core/Src/main.o
                0x0000000020000a18                dcleft
 .bss.dcSys     0x0000000020000a30       0x20 Core/Src/main.o
                0x0000000020000a30                dcSys
 .bss.mpu       0x0000000020000a50       0x14 Core/Src/main.o
                0x0000000020000a50                mpu
 .bss.buffer    0x0000000020000a64       0x10 Core/Src/main.o
                0x0000000020000a64                buffer
 .bss.adcval    0x0000000020000a74       0x10 Core/Src/main.o
                0x0000000020000a74                adcval
 .bss.mz80FR    0x0000000020000a84        0x1 Core/Src/main.o
                0x0000000020000a84                mz80FR
 .bss.mz80FL    0x0000000020000a85        0x1 Core/Src/main.o
                0x0000000020000a85                mz80FL
 .bss.mz80L     0x0000000020000a86        0x1 Core/Src/main.o
                0x0000000020000a86                mz80L
 .bss.mz80R     0x0000000020000a87        0x1 Core/Src/main.o
                0x0000000020000a87                mz80R
 .bss.IC_Val12  0x0000000020000a88        0x4 Core/Src/main.o
                0x0000000020000a88                IC_Val12
 .bss.IC_Val22  0x0000000020000a8c        0x4 Core/Src/main.o
                0x0000000020000a8c                IC_Val22
 .bss.Difference2
                0x0000000020000a90        0x4 Core/Src/main.o
                0x0000000020000a90                Difference2
 .bss.Is_First_Captured2
                0x0000000020000a94        0x1 Core/Src/main.o
                0x0000000020000a94                Is_First_Captured2
 .bss.Distance2
                0x0000000020000a95        0x1 Core/Src/main.o
                0x0000000020000a95                Distance2
 *fill*         0x0000000020000a96        0x2 
 .bss.IC_Val13  0x0000000020000a98        0x4 Core/Src/main.o
                0x0000000020000a98                IC_Val13
 .bss.IC_Val23  0x0000000020000a9c        0x4 Core/Src/main.o
                0x0000000020000a9c                IC_Val23
 .bss.Difference3
                0x0000000020000aa0        0x4 Core/Src/main.o
                0x0000000020000aa0                Difference3
 .bss.Is_First_Captured3
                0x0000000020000aa4        0x1 Core/Src/main.o
                0x0000000020000aa4                Is_First_Captured3
 .bss.Distance3
                0x0000000020000aa5        0x1 Core/Src/main.o
                0x0000000020000aa5                Distance3
 .bss.Fdistance
                0x0000000020000aa6        0x1 Core/Src/main.o
                0x0000000020000aa6                Fdistance
 *fill*         0x0000000020000aa7        0x1 
 .bss.Humidity  0x0000000020000aa8        0x2 Core/Src/main.o
                0x0000000020000aa8                Humidity
 .bss.Temperature
                0x0000000020000aaa        0x2 Core/Src/main.o
                0x0000000020000aaa                Temperature
 .bss.tempVal   0x0000000020000aac        0x2 Core/Src/main.o
                0x0000000020000aac                tempVal
 .bss.humVal    0x0000000020000aae        0x2 Core/Src/main.o
                0x0000000020000aae                humVal
 .bss.dhtVal    0x0000000020000ab0        0x2 Core/Src/main.o
                0x0000000020000ab0                dhtVal
 *fill*         0x0000000020000ab2        0x2 
 .bss.mData     0x0000000020000ab4       0x28 Core/Src/main.o
                0x0000000020000ab4                mData
 .bss.mTime1    0x0000000020000adc        0x2 Core/Src/main.o
                0x0000000020000adc                mTime1
 .bss.mTime2    0x0000000020000ade        0x2 Core/Src/main.o
                0x0000000020000ade                mTime2
 .bss.mbit      0x0000000020000ae0        0x2 Core/Src/main.o
                0x0000000020000ae0                mbit
 .bss.parityVal
                0x0000000020000ae2        0x1 Core/Src/main.o
                0x0000000020000ae2                parityVal
 .bss.genParity
                0x0000000020000ae3        0x1 Core/Src/main.o
                0x0000000020000ae3                genParity
 .bss.batteryP  0x0000000020000ae4        0x1 Core/Src/main.o
                0x0000000020000ae4                batteryP
 *fill*         0x0000000020000ae5        0x3 
 .bss.tracker   0x0000000020000ae8     0x1c3c Core/Src/main.o
                0x0000000020000ae8                tracker
 .bss.watering_counter
                0x0000000020002724        0x4 Core/Src/main.o
                0x0000000020002724                watering_counter
 .bss.sunlight_counter
                0x0000000020002728        0x4 Core/Src/main.o
                0x0000000020002728                sunlight_counter
 .bss.demo_counter
                0x000000002000272c        0x4 Core/Src/main.o
                0x000000002000272c                demo_counter
 .bss.test      0x0000000020002730        0x4 Core/Src/main.o
                0x0000000020002730                test
 .bss.chp       0x0000000020002734        0x1 Core/Src/main.o
                0x0000000020002734                chp
 .bss.ch        0x0000000020002735        0x1 Core/Src/main.o
                0x0000000020002735                ch
 .bss.flag      0x0000000020002736        0x1 Core/Src/main.o
                0x0000000020002736                flag
 *(COMMON)
 *fill*         0x0000000020002737        0x1 
 COMMON         0x0000000020002738        0x4 Drivers/STM32F4xx_HAL_Driver/Src/stm32f4xx_hal.o
                0x0000000020002738                uwTick
                0x000000002000273c                . = ALIGN (0x4)
                0x000000002000273c                _ebss = .
                0x000000002000273c                __bss_end__ = _ebss

._user_heap_stack
                0x000000002000273c      0x604 load address 0x000000000800f140
                0x0000000020002740                . = ALIGN (0x8)
 *fill*         0x000000002000273c        0x4 
                0x0000000020002740                PROVIDE (end = .)
                [!provide]                        PROVIDE (_end = .)
                0x0000000020002940                . = (. + _Min_Heap_Size)
 *fill*         0x0000000020002740      0x200 
                0x0000000020002d40                . = (. + _Min_Stack_Size)
 *fill*         0x0000000020002940      0x400 
                0x0000000020002d40                . = ALIGN (0x8)

/DISCARD/
 libc.a(*)
 libm.a(*)
 libgcc.a(*)

.ARM.attributes
                0x0000000000000000       0x30
 *(.ARM.attributes)
 .ARM.attributes
                0x0000000000000000       0x22 c:/st/stm32cubeide_1.3.0/stm32cubeide/plugins/com.st.stm32cube.ide.mcu.externaltools.gnu-tools-for-stm32.7-2018-q2-update.win32_1.0.0.201904181610/tools/bin/../lib/gcc/arm-none-eabi/7.3.1/thumb/v7e-m/fpv4-sp/hard/crti.o
 .ARM.attributes
                0x0000000000000022       0x34 c:/st/stm32cubeide_1.3.0/stm32cubeide/plugins/com.st.stm32cube.ide.mcu.externaltools.gnu-tools-for-stm32.7-2018-q2-update.win32_1.0.0.201904181610/tools/bin/../lib/gcc/arm-none-eabi/7.3.1/thumb/v7e-m/fpv4-sp/hard/crtbegin.o
 .ARM.attributes
                0x0000000000000056       0x39 Core/Src/DCMotor.o
 .ARM.attributes
                0x000000000000008f       0x39 Core/Src/MPU6050.o
 .ARM.attributes
                0x00000000000000c8       0x39 Core/Src/Tracker.o
 .ARM.attributes
                0x0000000000000101       0x39 Core/Src/main.o
 .ARM.attributes
                0x000000000000013a       0x39 Core/Src/stm32f4xx_hal_msp.o
 .ARM.attributes
                0x0000000000000173       0x39 Core/Src/stm32f4xx_it.o
 .ARM.attributes
                0x00000000000001ac       0x39 Core/Src/system_stm32f4xx.o
 .ARM.attributes
                0x00000000000001e5       0x21 Core/Startup/startup_stm32f429zitx.o
 .ARM.attributes
                0x0000000000000206       0x39 Drivers/STM32F4xx_HAL_Driver/Src/stm32f4xx_hal.o
 .ARM.attributes
                0x000000000000023f       0x39 Drivers/STM32F4xx_HAL_Driver/Src/stm32f4xx_hal_adc.o
 .ARM.attributes
                0x0000000000000278       0x39 Drivers/STM32F4xx_HAL_Driver/Src/stm32f4xx_hal_cortex.o
 .ARM.attributes
                0x00000000000002b1       0x39 Drivers/STM32F4xx_HAL_Driver/Src/stm32f4xx_hal_dma.o
 .ARM.attributes
                0x00000000000002ea       0x39 Drivers/STM32F4xx_HAL_Driver/Src/stm32f4xx_hal_gpio.o
 .ARM.attributes
                0x0000000000000323       0x39 Drivers/STM32F4xx_HAL_Driver/Src/stm32f4xx_hal_i2c.o
 .ARM.attributes
                0x000000000000035c       0x39 Drivers/STM32F4xx_HAL_Driver/Src/stm32f4xx_hal_i2c_ex.o
 .ARM.attributes
                0x0000000000000395       0x39 Drivers/STM32F4xx_HAL_Driver/Src/stm32f4xx_hal_pcd.o
 .ARM.attributes
                0x00000000000003ce       0x39 Drivers/STM32F4xx_HAL_Driver/Src/stm32f4xx_hal_rcc.o
 .ARM.attributes
                0x0000000000000407       0x39 Drivers/STM32F4xx_HAL_Driver/Src/stm32f4xx_hal_tim.o
 .ARM.attributes
                0x0000000000000440       0x39 Drivers/STM32F4xx_HAL_Driver/Src/stm32f4xx_hal_tim_ex.o
 .ARM.attributes
                0x0000000000000479       0x39 Drivers/STM32F4xx_HAL_Driver/Src/stm32f4xx_hal_uart.o
 .ARM.attributes
                0x00000000000004b2       0x39 Drivers/STM32F4xx_HAL_Driver/Src/stm32f4xx_ll_usb.o
 .ARM.attributes
                0x00000000000004eb       0x34 c:/st/stm32cubeide_1.3.0/stm32cubeide/plugins/com.st.stm32cube.ide.mcu.externaltools.gnu-tools-for-stm32.7-2018-q2-update.win32_1.0.0.201904181610/tools/bin/../lib/gcc/arm-none-eabi/7.3.1/../../../../arm-none-eabi/lib/thumb/v7e-m/fpv4-sp/hard\libm.a(lib_a-w_pow.o)
 .ARM.attributes
                0x000000000000051f       0x34 c:/st/stm32cubeide_1.3.0/stm32cubeide/plugins/com.st.stm32cube.ide.mcu.externaltools.gnu-tools-for-stm32.7-2018-q2-update.win32_1.0.0.201904181610/tools/bin/../lib/gcc/arm-none-eabi/7.3.1/../../../../arm-none-eabi/lib/thumb/v7e-m/fpv4-sp/hard\libm.a(lib_a-e_pow.o)
 .ARM.attributes
                0x0000000000000553       0x34 c:/st/stm32cubeide_1.3.0/stm32cubeide/plugins/com.st.stm32cube.ide.mcu.externaltools.gnu-tools-for-stm32.7-2018-q2-update.win32_1.0.0.201904181610/tools/bin/../lib/gcc/arm-none-eabi/7.3.1/../../../../arm-none-eabi/lib/thumb/v7e-m/fpv4-sp/hard\libm.a(lib_a-e_sqrt.o)
 .ARM.attributes
                0x0000000000000587       0x34 c:/st/stm32cubeide_1.3.0/stm32cubeide/plugins/com.st.stm32cube.ide.mcu.externaltools.gnu-tools-for-stm32.7-2018-q2-update.win32_1.0.0.201904181610/tools/bin/../lib/gcc/arm-none-eabi/7.3.1/../../../../arm-none-eabi/lib/thumb/v7e-m/fpv4-sp/hard\libm.a(lib_a-s_fabs.o)
 .ARM.attributes
                0x00000000000005bb       0x34 c:/st/stm32cubeide_1.3.0/stm32cubeide/plugins/com.st.stm32cube.ide.mcu.externaltools.gnu-tools-for-stm32.7-2018-q2-update.win32_1.0.0.201904181610/tools/bin/../lib/gcc/arm-none-eabi/7.3.1/../../../../arm-none-eabi/lib/thumb/v7e-m/fpv4-sp/hard\libm.a(lib_a-s_finite.o)
 .ARM.attributes
                0x00000000000005ef       0x34 c:/st/stm32cubeide_1.3.0/stm32cubeide/plugins/com.st.stm32cube.ide.mcu.externaltools.gnu-tools-for-stm32.7-2018-q2-update.win32_1.0.0.201904181610/tools/bin/../lib/gcc/arm-none-eabi/7.3.1/../../../../arm-none-eabi/lib/thumb/v7e-m/fpv4-sp/hard\libm.a(lib_a-s_lib_ver.o)
 .ARM.attributes
                0x0000000000000623       0x34 c:/st/stm32cubeide_1.3.0/stm32cubeide/plugins/com.st.stm32cube.ide.mcu.externaltools.gnu-tools-for-stm32.7-2018-q2-update.win32_1.0.0.201904181610/tools/bin/../lib/gcc/arm-none-eabi/7.3.1/../../../../arm-none-eabi/lib/thumb/v7e-m/fpv4-sp/hard\libm.a(lib_a-s_matherr.o)
 .ARM.attributes
                0x0000000000000657       0x34 c:/st/stm32cubeide_1.3.0/stm32cubeide/plugins/com.st.stm32cube.ide.mcu.externaltools.gnu-tools-for-stm32.7-2018-q2-update.win32_1.0.0.201904181610/tools/bin/../lib/gcc/arm-none-eabi/7.3.1/../../../../arm-none-eabi/lib/thumb/v7e-m/fpv4-sp/hard\libm.a(lib_a-s_nan.o)
 .ARM.attributes
                0x000000000000068b       0x34 c:/st/stm32cubeide_1.3.0/stm32cubeide/plugins/com.st.stm32cube.ide.mcu.externaltools.gnu-tools-for-stm32.7-2018-q2-update.win32_1.0.0.201904181610/tools/bin/../lib/gcc/arm-none-eabi/7.3.1/../../../../arm-none-eabi/lib/thumb/v7e-m/fpv4-sp/hard\libm.a(lib_a-s_rint.o)
 .ARM.attributes
                0x00000000000006bf       0x34 c:/st/stm32cubeide_1.3.0/stm32cubeide/plugins/com.st.stm32cube.ide.mcu.externaltools.gnu-tools-for-stm32.7-2018-q2-update.win32_1.0.0.201904181610/tools/bin/../lib/gcc/arm-none-eabi/7.3.1/../../../../arm-none-eabi/lib/thumb/v7e-m/fpv4-sp/hard\libm.a(lib_a-s_scalbn.o)
 .ARM.attributes
                0x00000000000006f3       0x34 c:/st/stm32cubeide_1.3.0/stm32cubeide/plugins/com.st.stm32cube.ide.mcu.externaltools.gnu-tools-for-stm32.7-2018-q2-update.win32_1.0.0.201904181610/tools/bin/../lib/gcc/arm-none-eabi/7.3.1/../../../../arm-none-eabi/lib/thumb/v7e-m/fpv4-sp/hard\libm.a(lib_a-s_copysign.o)
 .ARM.attributes
                0x0000000000000727       0x34 c:/st/stm32cubeide_1.3.0/stm32cubeide/plugins/com.st.stm32cube.ide.mcu.externaltools.gnu-tools-for-stm32.7-2018-q2-update.win32_1.0.0.201904181610/tools/bin/../lib/gcc/arm-none-eabi/7.3.1/../../../../arm-none-eabi/lib/thumb/v7e-m/fpv4-sp/hard\libc_nano.a(lib_a-errno.o)
 .ARM.attributes
                0x000000000000075b       0x34 c:/st/stm32cubeide_1.3.0/stm32cubeide/plugins/com.st.stm32cube.ide.mcu.externaltools.gnu-tools-for-stm32.7-2018-q2-update.win32_1.0.0.201904181610/tools/bin/../lib/gcc/arm-none-eabi/7.3.1/../../../../arm-none-eabi/lib/thumb/v7e-m/fpv4-sp/hard\libc_nano.a(lib_a-impure.o)
 .ARM.attributes
                0x000000000000078f       0x34 c:/st/stm32cubeide_1.3.0/stm32cubeide/plugins/com.st.stm32cube.ide.mcu.externaltools.gnu-tools-for-stm32.7-2018-q2-update.win32_1.0.0.201904181610/tools/bin/../lib/gcc/arm-none-eabi/7.3.1/../../../../arm-none-eabi/lib/thumb/v7e-m/fpv4-sp/hard\libc_nano.a(lib_a-init.o)
 .ARM.attributes
                0x00000000000007c3       0x34 c:/st/stm32cubeide_1.3.0/stm32cubeide/plugins/com.st.stm32cube.ide.mcu.externaltools.gnu-tools-for-stm32.7-2018-q2-update.win32_1.0.0.201904181610/tools/bin/../lib/gcc/arm-none-eabi/7.3.1/../../../../arm-none-eabi/lib/thumb/v7e-m/fpv4-sp/hard\libc_nano.a(lib_a-memset.o)
 .ARM.attributes
                0x00000000000007f7       0x22 c:/st/stm32cubeide_1.3.0/stm32cubeide/plugins/com.st.stm32cube.ide.mcu.externaltools.gnu-tools-for-stm32.7-2018-q2-update.win32_1.0.0.201904181610/tools/bin/../lib/gcc/arm-none-eabi/7.3.1/thumb/v7e-m/fpv4-sp/hard\libgcc.a(_arm_addsubdf3.o)
 .ARM.attributes
                0x0000000000000819       0x22 c:/st/stm32cubeide_1.3.0/stm32cubeide/plugins/com.st.stm32cube.ide.mcu.externaltools.gnu-tools-for-stm32.7-2018-q2-update.win32_1.0.0.201904181610/tools/bin/../lib/gcc/arm-none-eabi/7.3.1/thumb/v7e-m/fpv4-sp/hard\libgcc.a(_arm_muldivdf3.o)
 .ARM.attributes